Archive member included to satisfy reference by file (symbol)

c:/program files (x86)/atollic/truestudio for stm32 9.3.0/armtools/bin/../lib/gcc/arm-atollic-eabi/6.3.1/../../../../arm-atollic-eabi/lib/armv7e-m/fpu\libc_nano.a(lib_a-init.o)
                              startup\startup_stm32f407xx.o (__libc_init_array)
c:/program files (x86)/atollic/truestudio for stm32 9.3.0/armtools/bin/../lib/gcc/arm-atollic-eabi/6.3.1/../../../../arm-atollic-eabi/lib/armv7e-m/fpu\libc_nano.a(lib_a-memcmp.o)
                              Middlewares\Third_Party\LwIP\src\netif\ethernet.o (memcmp)
c:/program files (x86)/atollic/truestudio for stm32 9.3.0/armtools/bin/../lib/gcc/arm-atollic-eabi/6.3.1/../../../../arm-atollic-eabi/lib/armv7e-m/fpu\libc_nano.a(lib_a-memcpy-stub.o)
                              Middlewares\Third_Party\FreeRTOS\Source\queue.o (memcpy)
c:/program files (x86)/atollic/truestudio for stm32 9.3.0/armtools/bin/../lib/gcc/arm-atollic-eabi/6.3.1/../../../../arm-atollic-eabi/lib/armv7e-m/fpu\libc_nano.a(lib_a-memset.o)
                              Middlewares\Third_Party\FreeRTOS\Source\stream_buffer.o (memset)
c:/program files (x86)/atollic/truestudio for stm32 9.3.0/armtools/bin/../lib/gcc/arm-atollic-eabi/6.3.1/../../../../arm-atollic-eabi/lib/armv7e-m/fpu\libc_nano.a(lib_a-printf.o)
                              Middlewares\Third_Party\LwIP\src\api\api_lib.o (printf)
c:/program files (x86)/atollic/truestudio for stm32 9.3.0/armtools/bin/../lib/gcc/arm-atollic-eabi/6.3.1/../../../../arm-atollic-eabi/lib/armv7e-m/fpu\libc_nano.a(lib_a-rand.o)
                              Middlewares\Third_Party\LwIP\src\core\ipv4\dhcp.o (rand)
c:/program files (x86)/atollic/truestudio for stm32 9.3.0/armtools/bin/../lib/gcc/arm-atollic-eabi/6.3.1/../../../../arm-atollic-eabi/lib/armv7e-m/fpu\libc_nano.a(lib_a-sprintf.o)
                              Src\lwip_mqtt.o (sprintf)
c:/program files (x86)/atollic/truestudio for stm32 9.3.0/armtools/bin/../lib/gcc/arm-atollic-eabi/6.3.1/../../../../arm-atollic-eabi/lib/armv7e-m/fpu\libc_nano.a(lib_a-strcmp.o)
                              Src\lwip_mqtt.o (strcmp)
c:/program files (x86)/atollic/truestudio for stm32 9.3.0/armtools/bin/../lib/gcc/arm-atollic-eabi/6.3.1/../../../../arm-atollic-eabi/lib/armv7e-m/fpu\libc_nano.a(lib_a-strcpy.o)
                              Src\lwip_mqtt.o (strcpy)
c:/program files (x86)/atollic/truestudio for stm32 9.3.0/armtools/bin/../lib/gcc/arm-atollic-eabi/6.3.1/../../../../arm-atollic-eabi/lib/armv7e-m/fpu\libc_nano.a(lib_a-strlen.o)
                              Middlewares\Third_Party\LwIP\src\apps\mqtt\mqtt.o (strlen)
c:/program files (x86)/atollic/truestudio for stm32 9.3.0/armtools/bin/../lib/gcc/arm-atollic-eabi/6.3.1/../../../../arm-atollic-eabi/lib/armv7e-m/fpu\libc_nano.a(lib_a-strncmp.o)
                              Middlewares\Third_Party\LwIP\src\core\def.o (strncmp)
c:/program files (x86)/atollic/truestudio for stm32 9.3.0/armtools/bin/../lib/gcc/arm-atollic-eabi/6.3.1/../../../../arm-atollic-eabi/lib/armv7e-m/fpu\libc_nano.a(lib_a-findfp.o)
                              c:/program files (x86)/atollic/truestudio for stm32 9.3.0/armtools/bin/../lib/gcc/arm-atollic-eabi/6.3.1/../../../../arm-atollic-eabi/lib/armv7e-m/fpu\libc_nano.a(lib_a-printf.o) (__sinit)
c:/program files (x86)/atollic/truestudio for stm32 9.3.0/armtools/bin/../lib/gcc/arm-atollic-eabi/6.3.1/../../../../arm-atollic-eabi/lib/armv7e-m/fpu\libc_nano.a(lib_a-fwalk.o)
                              c:/program files (x86)/atollic/truestudio for stm32 9.3.0/armtools/bin/../lib/gcc/arm-atollic-eabi/6.3.1/../../../../arm-atollic-eabi/lib/armv7e-m/fpu\libc_nano.a(lib_a-findfp.o) (_fwalk)
c:/program files (x86)/atollic/truestudio for stm32 9.3.0/armtools/bin/../lib/gcc/arm-atollic-eabi/6.3.1/../../../../arm-atollic-eabi/lib/armv7e-m/fpu\libc_nano.a(lib_a-impure.o)
                              c:/program files (x86)/atollic/truestudio for stm32 9.3.0/armtools/bin/../lib/gcc/arm-atollic-eabi/6.3.1/../../../../arm-atollic-eabi/lib/armv7e-m/fpu\libc_nano.a(lib_a-findfp.o) (_global_impure_ptr)
c:/program files (x86)/atollic/truestudio for stm32 9.3.0/armtools/bin/../lib/gcc/arm-atollic-eabi/6.3.1/../../../../arm-atollic-eabi/lib/armv7e-m/fpu\libc_nano.a(lib_a-malloc.o)
                              c:/program files (x86)/atollic/truestudio for stm32 9.3.0/armtools/bin/../lib/gcc/arm-atollic-eabi/6.3.1/../../../../arm-atollic-eabi/lib/armv7e-m/fpu\libc_nano.a(lib_a-rand.o) (malloc)
c:/program files (x86)/atollic/truestudio for stm32 9.3.0/armtools/bin/../lib/gcc/arm-atollic-eabi/6.3.1/../../../../arm-atollic-eabi/lib/armv7e-m/fpu\libc_nano.a(lib_a-nano-freer.o)
                              c:/program files (x86)/atollic/truestudio for stm32 9.3.0/armtools/bin/../lib/gcc/arm-atollic-eabi/6.3.1/../../../../arm-atollic-eabi/lib/armv7e-m/fpu\libc_nano.a(lib_a-malloc.o) (_free_r)
[...]
Memory Configuration

Name             Origin             Length             Attributes
FLASH            0x08000000         0x00100000         xr
RAM              0x20000000         0x00020000         xrw
MEMORY_B1        0x60000000         0x00000000         xr
CCMRAM           0x10000000         0x00010000         rw
*default*        0x00000000         0xffffffff

Linker script and memory map

LOAD c:/program files (x86)/atollic/truestudio for stm32 9.3.0/armtools/bin/../lib/gcc/arm-atollic-eabi/6.3.1/armv7e-m/fpu/crti.o
LOAD c:/program files (x86)/atollic/truestudio for stm32 9.3.0/armtools/bin/../lib/gcc/arm-atollic-eabi/6.3.1/armv7e-m/fpu/crtbegin.o
LOAD Drivers\STM32F4xx_HAL_Driver\Src\stm32f4xx_hal.o
LOAD Drivers\STM32F4xx_HAL_Driver\Src\stm32f4xx_hal_cortex.o
LOAD Drivers\STM32F4xx_HAL_Driver\Src\stm32f4xx_hal_dma.o
LOAD Drivers\STM32F4xx_HAL_Driver\Src\stm32f4xx_hal_dma_ex.o
LOAD Drivers\STM32F4xx_HAL_Driver\Src\stm32f4xx_hal_exti.o
LOAD Drivers\STM32F4xx_HAL_Driver\Src\stm32f4xx_hal_flash.o
LOAD Drivers\STM32F4xx_HAL_Driver\Src\stm32f4xx_hal_flash_ex.o
LOAD Drivers\STM32F4xx_HAL_Driver\Src\stm32f4xx_hal_flash_ramfunc.o
LOAD Drivers\STM32F4xx_HAL_Driver\Src\stm32f4xx_hal_gpio.o
LOAD Drivers\STM32F4xx_HAL_Driver\Src\stm32f4xx_hal_i2c.o
LOAD Drivers\STM32F4xx_HAL_Driver\Src\stm32f4xx_hal_i2c_ex.o
LOAD Drivers\STM32F4xx_HAL_Driver\Src\stm32f4xx_hal_pwr.o
LOAD Drivers\STM32F4xx_HAL_Driver\Src\stm32f4xx_hal_pwr_ex.o
LOAD Drivers\STM32F4xx_HAL_Driver\Src\stm32f4xx_hal_rcc.o
LOAD Drivers\STM32F4xx_HAL_Driver\Src\stm32f4xx_hal_rcc_ex.o
LOAD Drivers\STM32F4xx_HAL_Driver\Src\stm32f4xx_hal_spi.o
LOAD Drivers\STM32F4xx_HAL_Driver\Src\stm32f4xx_hal_tim.o
LOAD Drivers\STM32F4xx_HAL_Driver\Src\stm32f4xx_hal_tim_ex.o
LOAD Drivers\STM32F4xx_HAL_Driver\Src\stm32f4xx_hal_uart.o
LOAD Middlewares\Third_Party\FreeRTOS\Source\CMSIS_RTOS\cmsis_os.o
LOAD Middlewares\Third_Party\FreeRTOS\Source\croutine.o
LOAD Middlewares\Third_Party\FreeRTOS\Source\event_groups.o
LOAD Middlewares\Third_Party\FreeRTOS\Source\list.o
LOAD Middlewares\Third_Party\FreeRTOS\Source\portable\GCC\ARM_CM4F\port.o
LOAD Middlewares\Third_Party\FreeRTOS\Source\portable\MemMang\heap_4.o
LOAD Middlewares\Third_Party\FreeRTOS\Source\queue.o
LOAD Middlewares\Third_Party\FreeRTOS\Source\stream_buffer.o
LOAD Middlewares\Third_Party\FreeRTOS\Source\tasks.o
LOAD Middlewares\Third_Party\FreeRTOS\Source\timers.o
LOAD Middlewares\Third_Party\LwIP\src\api\api_lib.o
LOAD Middlewares\Third_Party\LwIP\src\api\api_msg.o
LOAD Middlewares\Third_Party\LwIP\src\api\err.o
LOAD Middlewares\Third_Party\LwIP\src\api\netbuf.o
LOAD Middlewares\Third_Party\LwIP\src\api\netdb.o
LOAD Middlewares\Third_Party\LwIP\src\api\netifapi.o
LOAD Middlewares\Third_Party\LwIP\src\api\sockets.o
LOAD Middlewares\Third_Party\LwIP\src\api\tcpip.o
LOAD Middlewares\Third_Party\LwIP\src\apps\mqtt\mqtt.o
LOAD Middlewares\Third_Party\LwIP\src\core\def.o
LOAD Middlewares\Third_Party\LwIP\src\core\dns.o
LOAD Middlewares\Third_Party\LwIP\src\core\inet_chksum.o
LOAD Middlewares\Third_Party\LwIP\src\core\init.o
LOAD Middlewares\Third_Party\LwIP\src\core\ip.o
LOAD Middlewares\Third_Party\LwIP\src\core\ipv4\autoip.o
LOAD Middlewares\Third_Party\LwIP\src\core\ipv4\dhcp.o
LOAD Middlewares\Third_Party\LwIP\src\core\ipv4\etharp.o
LOAD Middlewares\Third_Party\LwIP\src\core\ipv4\icmp.o
LOAD Middlewares\Third_Party\LwIP\src\core\ipv4\igmp.o
LOAD Middlewares\Third_Party\LwIP\src\core\ipv4\ip4.o
LOAD Middlewares\Third_Party\LwIP\src\core\ipv4\ip4_addr.o
LOAD Middlewares\Third_Party\LwIP\src\core\ipv4\ip4_frag.o
LOAD Middlewares\Third_Party\LwIP\src\core\ipv6\dhcp6.o
LOAD Middlewares\Third_Party\LwIP\src\core\ipv6\ethip6.o
LOAD Middlewares\Third_Party\LwIP\src\core\ipv6\icmp6.o
LOAD Middlewares\Third_Party\LwIP\src\core\ipv6\inet6.o
LOAD Middlewares\Third_Party\LwIP\src\core\ipv6\ip6.o
LOAD Middlewares\Third_Party\LwIP\src\core\ipv6\ip6_addr.o
LOAD Middlewares\Third_Party\LwIP\src\core\ipv6\ip6_frag.o
LOAD Middlewares\Third_Party\LwIP\src\core\ipv6\mld6.o
LOAD Middlewares\Third_Party\LwIP\src\core\ipv6\nd6.o
LOAD Middlewares\Third_Party\LwIP\src\core\mem.o
LOAD Middlewares\Third_Party\LwIP\src\core\memp.o
LOAD Middlewares\Third_Party\LwIP\src\core\netif.o
LOAD Middlewares\Third_Party\LwIP\src\core\pbuf.o
LOAD Middlewares\Third_Party\LwIP\src\core\raw.o
LOAD Middlewares\Third_Party\LwIP\src\core\stats.o
LOAD Middlewares\Third_Party\LwIP\src\core\sys.o
LOAD Middlewares\Third_Party\LwIP\src\core\tcp.o
LOAD Middlewares\Third_Party\LwIP\src\core\tcp_in.o
LOAD Middlewares\Third_Party\LwIP\src\core\tcp_out.o
LOAD Middlewares\Third_Party\LwIP\src\core\timeouts.o
LOAD Middlewares\Third_Party\LwIP\src\core\udp.o
LOAD Middlewares\Third_Party\LwIP\src\netif\ethernet.o
LOAD Middlewares\Third_Party\LwIP\src\netif\ethernetif_template.o
LOAD Middlewares\Third_Party\LwIP\src\netif\lowpan6.o
LOAD Middlewares\Third_Party\LwIP\src\netif\ppp\auth.o
LOAD Middlewares\Third_Party\LwIP\src\netif\ppp\ccp.o
LOAD Middlewares\Third_Party\LwIP\src\netif\ppp\chap-md5.o
LOAD Middlewares\Third_Party\LwIP\src\netif\ppp\chap-new.o
LOAD Middlewares\Third_Party\LwIP\src\netif\ppp\chap_ms.o
LOAD Middlewares\Third_Party\LwIP\src\netif\ppp\demand.o
LOAD Middlewares\Third_Party\LwIP\src\netif\ppp\eap.o
LOAD Middlewares\Third_Party\LwIP\src\netif\ppp\ecp.o
LOAD Middlewares\Third_Party\LwIP\src\netif\ppp\eui64.o
LOAD Middlewares\Third_Party\LwIP\src\netif\ppp\fsm.o
LOAD Middlewares\Third_Party\LwIP\src\netif\ppp\ipcp.o
LOAD Middlewares\Third_Party\LwIP\src\netif\ppp\ipv6cp.o
LOAD Middlewares\Third_Party\LwIP\src\netif\ppp\lcp.o
LOAD Middlewares\Third_Party\LwIP\src\netif\ppp\magic.o
LOAD Middlewares\Third_Party\LwIP\src\netif\ppp\mppe.o
LOAD Middlewares\Third_Party\LwIP\src\netif\ppp\multilink.o
LOAD Middlewares\Third_Party\LwIP\src\netif\ppp\polarssl\arc4.o
LOAD Middlewares\Third_Party\LwIP\src\netif\ppp\polarssl\des.o
LOAD Middlewares\Third_Party\LwIP\src\netif\ppp\polarssl\md4.o
LOAD Middlewares\Third_Party\LwIP\src\netif\ppp\polarssl\md5.o
LOAD Middlewares\Third_Party\LwIP\src\netif\ppp\polarssl\sha1.o
LOAD Middlewares\Third_Party\LwIP\src\netif\ppp\ppp.o
LOAD Middlewares\Third_Party\LwIP\src\netif\ppp\pppapi.o
LOAD Middlewares\Third_Party\LwIP\src\netif\ppp\pppcrypt.o
LOAD Middlewares\Third_Party\LwIP\src\netif\ppp\pppoe.o
LOAD Middlewares\Third_Party\LwIP\src\netif\ppp\pppol2tp.o
LOAD Middlewares\Third_Party\LwIP\src\netif\ppp\pppos.o
LOAD Middlewares\Third_Party\LwIP\src\netif\ppp\upap.o
LOAD Middlewares\Third_Party\LwIP\src\netif\ppp\utils.o
LOAD Middlewares\Third_Party\LwIP\src\netif\ppp\vj.o
LOAD Middlewares\Third_Party\LwIP\src\netif\slipif.o
LOAD Middlewares\Third_Party\LwIP\system\OS\sys_arch.o
LOAD Src\app_ethernet.o
LOAD Src\enc28j60.o
LOAD Src\ethernetif.o
LOAD Src\freertos.o
LOAD Src\lwip.o
LOAD Src\lwip_mqtt.o
LOAD Src\main.o
LOAD Src\stm32f4xx_hal_msp.o
LOAD Src\stm32f4xx_hal_timebase_tim.o
LOAD Src\stm32f4xx_it.o
LOAD Src\syscalls.o
LOAD Src\system_stm32f4xx.o
LOAD startup\startup_stm32f407xx.o
                0x00000080                malloc_getpagesize_P = 0x80
START GROUP
LOAD c:/program files (x86)/atollic/truestudio for stm32 9.3.0/armtools/bin/../lib/gcc/arm-atollic-eabi/6.3.1/../../../../arm-atollic-eabi/lib/armv7e-m/fpu\libc_nano.a
LOAD c:/program files (x86)/atollic/truestudio for stm32 9.3.0/armtools/bin/../lib/gcc/arm-atollic-eabi/6.3.1/../../../../arm-atollic-eabi/lib/armv7e-m/fpu\libm.a
END GROUP
START GROUP
LOAD c:/program files (x86)/atollic/truestudio for stm32 9.3.0/armtools/bin/../lib/gcc/arm-atollic-eabi/6.3.1/armv7e-m/fpu\libgcc.a
LOAD c:/program files (x86)/atollic/truestudio for stm32 9.3.0/armtools/bin/../lib/gcc/arm-atollic-eabi/6.3.1/../../../../arm-atollic-eabi/lib/armv7e-m/fpu\libc_nano.a
END GROUP
START GROUP
LOAD c:/program files (x86)/atollic/truestudio for stm32 9.3.0/armtools/bin/../lib/gcc/arm-atollic-eabi/6.3.1/armv7e-m/fpu\libgcc.a
LOAD c:/program files (x86)/atollic/truestudio for stm32 9.3.0/armtools/bin/../lib/gcc/arm-atollic-eabi/6.3.1/../../../../arm-atollic-eabi/lib/armv7e-m/fpu\libc_nano.a
LOAD c:/program files (x86)/atollic/truestudio for stm32 9.3.0/armtools/bin/../lib/gcc/arm-atollic-eabi/6.3.1/../../../../arm-atollic-eabi/lib/armv7e-m/fpu\libnosys.a
END GROUP
START GROUP
LOAD c:/program files (x86)/atollic/truestudio for stm32 9.3.0/armtools/bin/../lib/gcc/arm-atollic-eabi/6.3.1/armv7e-m/fpu\libgcc.a
LOAD c:/program files (x86)/atollic/truestudio for stm32 9.3.0/armtools/bin/../lib/gcc/arm-atollic-eabi/6.3.1/../../../../arm-atollic-eabi/lib/armv7e-m/fpu\libc_nano.a
LOAD c:/program files (x86)/atollic/truestudio for stm32 9.3.0/armtools/bin/../lib/gcc/arm-atollic-eabi/6.3.1/../../../../arm-atollic-eabi/lib/armv7e-m/fpu\libnosys.a
END GROUP
LOAD c:/program files (x86)/atollic/truestudio for stm32 9.3.0/armtools/bin/../lib/gcc/arm-atollic-eabi/6.3.1/armv7e-m/fpu/crtend.o
LOAD c:/program files (x86)/atollic/truestudio for stm32 9.3.0/armtools/bin/../lib/gcc/arm-atollic-eabi/6.3.1/armv7e-m/fpu/crtn.o
                0x20020000                _estack = 0x20020000
                0x00000000                _Min_Heap_Size = 0x0
                0x00000400                _Min_Stack_Size = 0x400

.isr_vector     0x08000000      0x188
                0x08000000                . = ALIGN (0x4)
 *(.isr_vector)
 .isr_vector    0x08000000      0x188 startup\startup_stm32f407xx.o
                0x08000000                g_pfnVectors
                0x08000188                . = ALIGN (0x4)

.text           0x08000190     0xd57c
                0x08000190                . = ALIGN (0x4)
 *(.text)
 .text          0x08000190       0x40 c:/program files (x86)/atollic/truestudio for stm32 9.3.0/armtools/bin/../lib/gcc/arm-atollic-eabi/6.3.1/armv7e-m/fpu/crtbegin.o
 .text          0x080001d0       0x14 c:/program files (x86)/atollic/truestudio for stm32 9.3.0/armtools/bin/../lib/gcc/arm-atollic-eabi/6.3.1/../../../../arm-atollic-eabi/lib/armv7e-m/fpu\libc_nano.a(lib_a-strcmp.o)
                0x080001d0                strcmp
 .text          0x080001e4       0x10 c:/program files (x86)/atollic/truestudio for stm32 9.3.0/armtools/bin/../lib/gcc/arm-atollic-eabi/6.3.1/../../../../arm-atollic-eabi/lib/armv7e-m/fpu\libc_nano.a(lib_a-strlen.o)
                0x080001e4                strlen
 *fill*         0x080001f4        0xc 
 .text          0x08000200       0xa0 c:/program files (x86)/atollic/truestudio for stm32 9.3.0/armtools/bin/../lib/gcc/arm-atollic-eabi/6.3.1/../../../../arm-atollic-eabi/lib/armv7e-m/fpu\libc_nano.a(lib_a-memchr.o)
                0x08000200                memchr
 .text          0x080002a0       0x30 c:/program files (x86)/atollic/truestudio for stm32 9.3.0/armtools/bin/../lib/gcc/arm-atollic-eabi/6.3.1/armv7e-m/fpu\libgcc.a(_aeabi_uldivmod.o)
                0x080002a0                __aeabi_uldivmod
 .text          0x080002d0      0x2dc c:/program files (x86)/atollic/truestudio for stm32 9.3.0/armtools/bin/../lib/gcc/arm-atollic-eabi/6.3.1/armv7e-m/fpu\libgcc.a(_udivmoddi4.o)
                0x080002d0                __udivmoddi4
 .text          0x080005ac        0x4 c:/program files (x86)/atollic/truestudio for stm32 9.3.0/armtools/bin/../lib/gcc/arm-atollic-eabi/6.3.1/armv7e-m/fpu\libgcc.a(_dvmd_tls.o)
                0x080005ac                __aeabi_idiv0
                0x080005ac                __aeabi_ldiv0
 *(.text*)
 .text.HAL_Init
                0x080005b0       0x34 Drivers\STM32F4xx_HAL_Driver\Src\stm32f4xx_hal.o
                0x080005b0                HAL_Init
 .text.HAL_IncTick
                0x080005e4       0x18 Drivers\STM32F4xx_HAL_Driver\Src\stm32f4xx_hal.o
                0x080005e4                HAL_IncTick
 .text.HAL_GetTick
                0x080005fc        0xc Drivers\STM32F4xx_HAL_Driver\Src\stm32f4xx_hal.o
                0x080005fc                HAL_GetTick
 .text.HAL_Delay
                0x08000608       0x28 Drivers\STM32F4xx_HAL_Driver\Src\stm32f4xx_hal.o
                0x08000608                HAL_Delay
 .text.HAL_NVIC_SetPriorityGrouping
                0x08000630       0x24 Drivers\STM32F4xx_HAL_Driver\Src\stm32f4xx_hal_cortex.o
                0x08000630                HAL_NVIC_SetPriorityGrouping
 .text.HAL_NVIC_SetPriority
                0x08000654       0x68 Drivers\STM32F4xx_HAL_Driver\Src\stm32f4xx_hal_cortex.o
                0x08000654                HAL_NVIC_SetPriority
 .text.HAL_NVIC_EnableIRQ
                0x080006bc       0x1c Drivers\STM32F4xx_HAL_Driver\Src\stm32f4xx_hal_cortex.o
                0x080006bc                HAL_NVIC_EnableIRQ
 .text.HAL_NVIC_DisableIRQ
                0x080006d8       0x28 Drivers\STM32F4xx_HAL_Driver\Src\stm32f4xx_hal_cortex.o
                0x080006d8                HAL_NVIC_DisableIRQ
 .text.HAL_GPIO_Init
                0x08000700      0x1c0 Drivers\STM32F4xx_HAL_Driver\Src\stm32f4xx_hal_gpio.o
                0x08000700                HAL_GPIO_Init
 .text.HAL_GPIO_ReadPin
                0x080008c0        0xc Drivers\STM32F4xx_HAL_Driver\Src\stm32f4xx_hal_gpio.o
                0x080008c0                HAL_GPIO_ReadPin
 .text.HAL_GPIO_WritePin
                0x080008cc        0xa Drivers\STM32F4xx_HAL_Driver\Src\stm32f4xx_hal_gpio.o
                0x080008cc                HAL_GPIO_WritePin
 *fill*         0x080008d6        0x2 
 .text.HAL_GPIO_EXTI_IRQHandler
                0x080008d8       0x18 Drivers\STM32F4xx_HAL_Driver\Src\stm32f4xx_hal_gpio.o
                0x080008d8                HAL_GPIO_EXTI_IRQHandler
 .text.HAL_I2C_Init
                0x080008f0      0x158 Drivers\STM32F4xx_HAL_Driver\Src\stm32f4xx_hal_i2c.o
                0x080008f0                HAL_I2C_Init
 .text.HAL_RCC_OscConfig
                0x08000a48      0x34c Drivers\STM32F4xx_HAL_Driver\Src\stm32f4xx_hal_rcc.o
                0x08000a48                HAL_RCC_OscConfig
 .text.HAL_RCC_GetSysClockFreq
                0x08000d94       0x5c Drivers\STM32F4xx_HAL_Driver\Src\stm32f4xx_hal_rcc.o
                0x08000d94                HAL_RCC_GetSysClockFreq
 .text.HAL_RCC_ClockConfig
                0x08000df0      0x138 Drivers\STM32F4xx_HAL_Driver\Src\stm32f4xx_hal_rcc.o
                0x08000df0                HAL_RCC_ClockConfig
 .text.HAL_RCC_GetPCLK1Freq
                0x08000f28       0x20 Drivers\STM32F4xx_HAL_Driver\Src\stm32f4xx_hal_rcc.o
                0x08000f28                HAL_RCC_GetPCLK1Freq
 .text.HAL_RCC_GetPCLK2Freq
                0x08000f48       0x20 Drivers\STM32F4xx_HAL_Driver\Src\stm32f4xx_hal_rcc.o
                0x08000f48                HAL_RCC_GetPCLK2Freq
 .text.HAL_RCC_GetClockConfig
                0x08000f68       0x3c Drivers\STM32F4xx_HAL_Driver\Src\stm32f4xx_hal_rcc.o
                0x08000f68                HAL_RCC_GetClockConfig
 .text.SPI_WaitFlagStateUntilTimeout.constprop.9
                0x08000fa4       0x76 Drivers\STM32F4xx_HAL_Driver\Src\stm32f4xx_hal_spi.o
 .text.SPI_EndRxTransaction
                0x0800101a       0x54 Drivers\STM32F4xx_HAL_Driver\Src\stm32f4xx_hal_spi.o
 *fill*         0x0800106e        0x2 
 .text.SPI_EndRxTxTransaction
                0x08001070       0x5c Drivers\STM32F4xx_HAL_Driver\Src\stm32f4xx_hal_spi.o
 .text.HAL_SPI_Init
                0x080010cc       0x7a Drivers\STM32F4xx_HAL_Driver\Src\stm32f4xx_hal_spi.o
                0x080010cc                HAL_SPI_Init
 .text.HAL_SPI_Transmit
                0x08001146      0x150 Drivers\STM32F4xx_HAL_Driver\Src\stm32f4xx_hal_spi.o
                0x08001146                HAL_SPI_Transmit
 .text.HAL_SPI_TransmitReceive
                0x08001296      0x1e0 Drivers\STM32F4xx_HAL_Driver\Src\stm32f4xx_hal_spi.o
                0x08001296                HAL_SPI_TransmitReceive
 .text.HAL_SPI_Receive
                0x08001476      0x12e Drivers\STM32F4xx_HAL_Driver\Src\stm32f4xx_hal_spi.o
                0x08001476                HAL_SPI_Receive
 .text.HAL_TIM_Base_Start
                0x080015a4       0x24 Drivers\STM32F4xx_HAL_Driver\Src\stm32f4xx_hal_tim.o
                0x080015a4                HAL_TIM_Base_Start
 .text.HAL_TIM_Base_Start_IT
                0x080015c8       0x20 Drivers\STM32F4xx_HAL_Driver\Src\stm32f4xx_hal_tim.o
                0x080015c8                HAL_TIM_Base_Start_IT
 .text.HAL_TIM_OC_DelayElapsedCallback
                0x080015e8        0x2 Drivers\STM32F4xx_HAL_Driver\Src\stm32f4xx_hal_tim.o
                0x080015e8                HAL_TIM_OC_DelayElapsedCallback
 .text.HAL_TIM_IC_CaptureCallback
                0x080015ea        0x2 Drivers\STM32F4xx_HAL_Driver\Src\stm32f4xx_hal_tim.o
                0x080015ea                HAL_TIM_IC_CaptureCallback
 .text.HAL_TIM_PWM_PulseFinishedCallback
                0x080015ec        0x2 Drivers\STM32F4xx_HAL_Driver\Src\stm32f4xx_hal_tim.o
                0x080015ec                HAL_TIM_PWM_PulseFinishedCallback
 .text.HAL_TIM_TriggerCallback
                0x080015ee        0x2 Drivers\STM32F4xx_HAL_Driver\Src\stm32f4xx_hal_tim.o
                0x080015ee                HAL_TIM_TriggerCallback
 .text.HAL_TIM_IRQHandler
                0x080015f0      0x144 Drivers\STM32F4xx_HAL_Driver\Src\stm32f4xx_hal_tim.o
                0x080015f0                HAL_TIM_IRQHandler
 .text.TIM_Base_SetConfig
                0x08001734       0xcc Drivers\STM32F4xx_HAL_Driver\Src\stm32f4xx_hal_tim.o
                0x08001734                TIM_Base_SetConfig
 .text.HAL_TIM_Base_Init
                0x08001800       0x34 Drivers\STM32F4xx_HAL_Driver\Src\stm32f4xx_hal_tim.o
                0x08001800                HAL_TIM_Base_Init
 .text.TIM_ETR_SetConfig
                0x08001834       0x14 Drivers\STM32F4xx_HAL_Driver\Src\stm32f4xx_hal_tim.o
                0x08001834                TIM_ETR_SetConfig
 .text.HAL_TIM_ConfigClockSource
                0x08001848      0x128 Drivers\STM32F4xx_HAL_Driver\Src\stm32f4xx_hal_tim.o
                0x08001848                HAL_TIM_ConfigClockSource
 .text.HAL_TIMEx_MasterConfigSynchronization
                0x08001970       0x84 Drivers\STM32F4xx_HAL_Driver\Src\stm32f4xx_hal_tim_ex.o
                0x08001970                HAL_TIMEx_MasterConfigSynchronization
 .text.HAL_TIMEx_CommutCallback
                0x080019f4        0x2 Drivers\STM32F4xx_HAL_Driver\Src\stm32f4xx_hal_tim_ex.o
                0x080019f4                HAL_TIMEx_CommutCallback
 .text.HAL_TIMEx_BreakCallback
                0x080019f6        0x2 Drivers\STM32F4xx_HAL_Driver\Src\stm32f4xx_hal_tim_ex.o
                0x080019f6                HAL_TIMEx_BreakCallback
 .text.UART_SetConfig
                0x080019f8       0xdc Drivers\STM32F4xx_HAL_Driver\Src\stm32f4xx_hal_uart.o
 .text.UART_WaitOnFlagUntilTimeout.constprop.3
                0x08001ad4       0x50 Drivers\STM32F4xx_HAL_Driver\Src\stm32f4xx_hal_uart.o
 .text.HAL_UART_Init
                0x08001b24       0x5c Drivers\STM32F4xx_HAL_Driver\Src\stm32f4xx_hal_uart.o
                0x08001b24                HAL_UART_Init
 .text.HAL_UART_Transmit
                0x08001b80       0xbe Drivers\STM32F4xx_HAL_Driver\Src\stm32f4xx_hal_uart.o
                0x08001b80                HAL_UART_Transmit
 .text.osKernelStart
                0x08001c3e        0xa Middlewares\Third_Party\FreeRTOS\Source\CMSIS_RTOS\cmsis_os.o
                0x08001c3e                osKernelStart
 .text.osKernelSysTick
                0x08001c48        0xe Middlewares\Third_Party\FreeRTOS\Source\CMSIS_RTOS\cmsis_os.o
                0x08001c48                osKernelSysTick
 .text.osThreadCreate
                0x08001c56       0x50 Middlewares\Third_Party\FreeRTOS\Source\CMSIS_RTOS\cmsis_os.o
                0x08001c56                osThreadCreate
 .text.osThreadTerminate
                0x08001ca6        0xa Middlewares\Third_Party\FreeRTOS\Source\CMSIS_RTOS\cmsis_os.o
                0x08001ca6                osThreadTerminate
 .text.osDelay  0x08001cb0       0x10 Middlewares\Third_Party\FreeRTOS\Source\CMSIS_RTOS\cmsis_os.o
                0x08001cb0                osDelay
 .text.osMutexCreate
                0x08001cc0        0xe Middlewares\Third_Party\FreeRTOS\Source\CMSIS_RTOS\cmsis_os.o
                0x08001cc0                osMutexCreate
 *fill*         0x08001cce        0x2 
 .text.osMutexWait
                0x08001cd0       0x4c Middlewares\Third_Party\FreeRTOS\Source\CMSIS_RTOS\cmsis_os.o
                0x08001cd0                osMutexWait
 .text.osSemaphoreRelease
                0x08001d1c       0x48 Middlewares\Third_Party\FreeRTOS\Source\CMSIS_RTOS\cmsis_os.o
                0x08001d1c                osSemaphoreRelease
 .text.osMutexRelease
                0x08001d64        0x4 Middlewares\Third_Party\FreeRTOS\Source\CMSIS_RTOS\cmsis_os.o
                0x08001d64                osMutexRelease
 .text.osMessageCreate
                0x08001d68       0x28 Middlewares\Third_Party\FreeRTOS\Source\CMSIS_RTOS\cmsis_os.o
                0x08001d68                osMessageCreate
 .text.osMessagePut
                0x08001d90       0x50 Middlewares\Third_Party\FreeRTOS\Source\CMSIS_RTOS\cmsis_os.o
                0x08001d90                osMessagePut
 .text.osMessageGet
                0x08001de0       0x74 Middlewares\Third_Party\FreeRTOS\Source\CMSIS_RTOS\cmsis_os.o
                0x08001de0                osMessageGet
 .text.vListInitialise
                0x08001e54       0x16 Middlewares\Third_Party\FreeRTOS\Source\list.o
                0x08001e54                vListInitialise
 .text.vListInitialiseItem
                0x08001e6a        0x6 Middlewares\Third_Party\FreeRTOS\Source\list.o
                0x08001e6a                vListInitialiseItem
 .text.vListInsertEnd
                0x08001e70       0x18 Middlewares\Third_Party\FreeRTOS\Source\list.o
                0x08001e70                vListInsertEnd
 .text.vListInsert
                0x08001e88       0x2e Middlewares\Third_Party\FreeRTOS\Source\list.o
                0x08001e88                vListInsert
 .text.uxListRemove
                0x08001eb6       0x22 Middlewares\Third_Party\FreeRTOS\Source\list.o
                0x08001eb6                uxListRemove
 .text.prvTaskExitError
                0x08001ed8       0x40 Middlewares\Third_Party\FreeRTOS\Source\portable\GCC\ARM_CM4F\port.o
 .text.unlikely.prvPortStartFirstTask
                0x08001f18       0x28 Middlewares\Third_Party\FreeRTOS\Source\portable\GCC\ARM_CM4F\port.o
 .text.unlikely.vPortEnableVFP
                0x08001f40       0x14 Middlewares\Third_Party\FreeRTOS\Source\portable\GCC\ARM_CM4F\port.o
 .text.pxPortInitialiseStack
                0x08001f54       0x2c Middlewares\Third_Party\FreeRTOS\Source\portable\GCC\ARM_CM4F\port.o
                0x08001f54                pxPortInitialiseStack
 .text.SVC_Handler
                0x08001f80       0x24 Middlewares\Third_Party\FreeRTOS\Source\portable\GCC\ARM_CM4F\port.o
                0x08001f80                SVC_Handler
 .text.vPortEnterCritical
                0x08001fa4       0x44 Middlewares\Third_Party\FreeRTOS\Source\portable\GCC\ARM_CM4F\port.o
                0x08001fa4                vPortEnterCritical
 .text.vPortExitCritical
                0x08001fe8       0x28 Middlewares\Third_Party\FreeRTOS\Source\portable\GCC\ARM_CM4F\port.o
                0x08001fe8                vPortExitCritical
 .text.PendSV_Handler
                0x08002010       0x64 Middlewares\Third_Party\FreeRTOS\Source\portable\GCC\ARM_CM4F\port.o
                0x08002010                PendSV_Handler
 .text.SysTick_Handler
                0x08002074       0x2c Middlewares\Third_Party\FreeRTOS\Source\portable\GCC\ARM_CM4F\port.o
                0x08002074                SysTick_Handler
 .text.vPortSetupTimerInterrupt
                0x080020a0       0x34 Middlewares\Third_Party\FreeRTOS\Source\portable\GCC\ARM_CM4F\port.o
                0x080020a0                vPortSetupTimerInterrupt
 .text.xPortStartScheduler
                0x080020d4      0x10c Middlewares\Third_Party\FreeRTOS\Source\portable\GCC\ARM_CM4F\port.o
                0x080020d4                xPortStartScheduler
 .text.vPortValidateInterruptPriority
                0x080021e0       0x5c Middlewares\Third_Party\FreeRTOS\Source\portable\GCC\ARM_CM4F\port.o
                0x080021e0                vPortValidateInterruptPriority
 .text.unlikely.prvInsertBlockIntoFreeList
                0x0800223c       0x48 Middlewares\Third_Party\FreeRTOS\Source\portable\MemMang\heap_4.o
 .text.pvPortMalloc
                0x08002284      0x11c Middlewares\Third_Party\FreeRTOS\Source\portable\MemMang\heap_4.o
                0x08002284                pvPortMalloc
 .text.vPortFree
                0x080023a0       0x70 Middlewares\Third_Party\FreeRTOS\Source\portable\MemMang\heap_4.o
                0x080023a0                vPortFree
 .text.prvIsQueueEmpty
                0x08002410       0x16 Middlewares\Third_Party\FreeRTOS\Source\queue.o
 .text.unlikely.prvCopyDataToQueue
                0x08002426       0x66 Middlewares\Third_Party\FreeRTOS\Source\queue.o
 .text.unlikely.prvCopyDataFromQueue
                0x0800248c       0x2a Middlewares\Third_Party\FreeRTOS\Source\queue.o
 .text.prvUnlockQueue
                0x080024b6       0x70 Middlewares\Third_Party\FreeRTOS\Source\queue.o
 *fill*         0x08002526        0x2 
 .text.xQueueGenericReset
                0x08002528       0x80 Middlewares\Third_Party\FreeRTOS\Source\queue.o
                0x08002528                xQueueGenericReset
 .text.xQueueGenericCreateStatic
                0x080025a8       0x92 Middlewares\Third_Party\FreeRTOS\Source\queue.o
                0x080025a8                xQueueGenericCreateStatic
 .text.xQueueGenericCreate
                0x0800263a       0x48 Middlewares\Third_Party\FreeRTOS\Source\queue.o
                0x0800263a                xQueueGenericCreate
 *fill*         0x08002682        0x2 
 .text.xQueueGenericSend
                0x08002684      0x16c Middlewares\Third_Party\FreeRTOS\Source\queue.o
                0x08002684                xQueueGenericSend
 .text.prvInitialiseMutex
                0x080027f0       0x14 Middlewares\Third_Party\FreeRTOS\Source\queue.o
 .text.xQueueCreateMutex
                0x08002804       0x16 Middlewares\Third_Party\FreeRTOS\Source\queue.o
                0x08002804                xQueueCreateMutex
 .text.xQueueCreateMutexStatic
                0x0800281a       0x1c Middlewares\Third_Party\FreeRTOS\Source\queue.o
                0x0800281a                xQueueCreateMutexStatic
 .text.xQueueGenericSendFromISR
                0x08002836       0xc4 Middlewares\Third_Party\FreeRTOS\Source\queue.o
                0x08002836                xQueueGenericSendFromISR
 .text.xQueueGiveFromISR
                0x080028fa       0xa8 Middlewares\Third_Party\FreeRTOS\Source\queue.o
                0x080028fa                xQueueGiveFromISR
 *fill*         0x080029a2        0x2 
 .text.xQueueReceive
                0x080029a4      0x148 Middlewares\Third_Party\FreeRTOS\Source\queue.o
                0x080029a4                xQueueReceive
 .text.xQueueSemaphoreTake
                0x08002aec      0x180 Middlewares\Third_Party\FreeRTOS\Source\queue.o
                0x08002aec                xQueueSemaphoreTake
 .text.xQueueReceiveFromISR
                0x08002c6c       0xa0 Middlewares\Third_Party\FreeRTOS\Source\queue.o
                0x08002c6c                xQueueReceiveFromISR
 .text.prvAddNewTaskToReadyList
                0x08002d0c       0xf8 Middlewares\Third_Party\FreeRTOS\Source\tasks.o
 .text.prvResetNextTaskUnblockTime
                0x08002e04       0x24 Middlewares\Third_Party\FreeRTOS\Source\tasks.o
 .text.prvInitialiseNewTask.isra.2
                0x08002e28       0x82 Middlewares\Third_Party\FreeRTOS\Source\tasks.o
 .text.prvDeleteTCB
                0x08002eaa       0x36 Middlewares\Third_Party\FreeRTOS\Source\tasks.o
 .text.prvIdleTask
                0x08002ee0       0x64 Middlewares\Third_Party\FreeRTOS\Source\tasks.o
 .text.prvAddCurrentTaskToDelayedList
                0x08002f44       0x8c Middlewares\Third_Party\FreeRTOS\Source\tasks.o
 .text.xTaskCreateStatic
                0x08002fd0       0x6e Middlewares\Third_Party\FreeRTOS\Source\tasks.o
                0x08002fd0                xTaskCreateStatic
 .text.xTaskCreate
                0x0800303e       0x5a Middlewares\Third_Party\FreeRTOS\Source\tasks.o
                0x0800303e                xTaskCreate
 .text.vTaskDelete
                0x08003098       0xd4 Middlewares\Third_Party\FreeRTOS\Source\tasks.o
                0x08003098                vTaskDelete
 .text.vTaskStartScheduler
                0x0800316c       0x6c Middlewares\Third_Party\FreeRTOS\Source\tasks.o
                0x0800316c                vTaskStartScheduler
 .text.vTaskSuspendAll
                0x080031d8       0x10 Middlewares\Third_Party\FreeRTOS\Source\tasks.o
                0x080031d8                vTaskSuspendAll
 .text.xTaskGetTickCount
                0x080031e8        0xc Middlewares\Third_Party\FreeRTOS\Source\tasks.o
                0x080031e8                xTaskGetTickCount
 .text.xTaskGetTickCountFromISR
                0x080031f4       0x10 Middlewares\Third_Party\FreeRTOS\Source\tasks.o
                0x080031f4                xTaskGetTickCountFromISR
 .text.xTaskIncrementTick
                0x08003204      0x124 Middlewares\Third_Party\FreeRTOS\Source\tasks.o
                0x08003204                xTaskIncrementTick
 .text.xTaskResumeAll
                0x08003328       0xf0 Middlewares\Third_Party\FreeRTOS\Source\tasks.o
                0x08003328                xTaskResumeAll
 .text.vTaskDelay
                0x08003418       0x48 Middlewares\Third_Party\FreeRTOS\Source\tasks.o
                0x08003418                vTaskDelay
 .text.vTaskSwitchContext
                0x08003460       0x74 Middlewares\Third_Party\FreeRTOS\Source\tasks.o
                0x08003460                vTaskSwitchContext
 .text.vTaskPlaceOnEventList
                0x080034d4       0x34 Middlewares\Third_Party\FreeRTOS\Source\tasks.o
                0x080034d4                vTaskPlaceOnEventList
 .text.xTaskRemoveFromEventList
                0x08003508       0x84 Middlewares\Third_Party\FreeRTOS\Source\tasks.o
                0x08003508                xTaskRemoveFromEventList
 .text.vTaskInternalSetTimeOutState
                0x0800358c       0x18 Middlewares\Third_Party\FreeRTOS\Source\tasks.o
                0x0800358c                vTaskInternalSetTimeOutState
 .text.xTaskCheckForTimeOut
                0x080035a4       0x78 Middlewares\Third_Party\FreeRTOS\Source\tasks.o
                0x080035a4                xTaskCheckForTimeOut
 .text.vTaskMissedYield
                0x0800361c        0xc Middlewares\Third_Party\FreeRTOS\Source\tasks.o
                0x0800361c                vTaskMissedYield
 .text.xTaskGetSchedulerState
                0x08003628       0x20 Middlewares\Third_Party\FreeRTOS\Source\tasks.o
                0x08003628                xTaskGetSchedulerState
 .text.xTaskPriorityInherit
                0x08003648       0xa8 Middlewares\Third_Party\FreeRTOS\Source\tasks.o
                0x08003648                xTaskPriorityInherit
 .text.xTaskPriorityDisinherit
                0x080036f0       0xa0 Middlewares\Third_Party\FreeRTOS\Source\tasks.o
                0x080036f0                xTaskPriorityDisinherit
 .text.vTaskPriorityDisinheritAfterTimeout
                0x08003790       0xb4 Middlewares\Third_Party\FreeRTOS\Source\tasks.o
                0x08003790                vTaskPriorityDisinheritAfterTimeout
 .text.pvTaskIncrementMutexHeldCount
                0x08003844       0x18 Middlewares\Third_Party\FreeRTOS\Source\tasks.o
                0x08003844                pvTaskIncrementMutexHeldCount
 .text.tcpip_thread
                0x0800385c       0x94 Middlewares\Third_Party\LwIP\src\api\tcpip.o
 .text.tcpip_inpkt
                0x080038f0       0x58 Middlewares\Third_Party\LwIP\src\api\tcpip.o
                0x080038f0                tcpip_inpkt
 .text.tcpip_input
                0x08003948       0x1c Middlewares\Third_Party\LwIP\src\api\tcpip.o
                0x08003948                tcpip_input
 .text.tcpip_init
                0x08003964       0x80 Middlewares\Third_Party\LwIP\src\api\tcpip.o
                0x08003964                tcpip_init
 .text.mqtt_output_append_u16
                0x080039e4       0x1a Middlewares\Third_Party\LwIP\src\apps\mqtt\mqtt.o
 .text.mqtt_output_append_string
                0x080039fe       0x36 Middlewares\Third_Party\LwIP\src\apps\mqtt\mqtt.o
 .text.mqtt_create_request
                0x08003a34       0x44 Middlewares\Third_Party\LwIP\src\apps\mqtt\mqtt.o
 .text.mqtt_output_check_space
                0x08003a78       0x44 Middlewares\Third_Party\LwIP\src\apps\mqtt\mqtt.o
 .text.mqtt_append_request
                0x08003abc       0x5c Middlewares\Third_Party\LwIP\src\apps\mqtt\mqtt.o
 .text.mqtt_take_request
                0x08003b18       0x54 Middlewares\Third_Party\LwIP\src\apps\mqtt\mqtt.o
 .text.mqtt_output_send
                0x08003b6c       0x9c Middlewares\Third_Party\LwIP\src\apps\mqtt\mqtt.o
 .text.mqtt_tcp_poll_cb
                0x08003c08       0x12 Middlewares\Third_Party\LwIP\src\apps\mqtt\mqtt.o
 *fill*         0x08003c1a        0x2 
 .text.mqtt_tcp_connect_cb
                0x08003c1c       0x58 Middlewares\Third_Party\LwIP\src\apps\mqtt\mqtt.o
 .text.mqtt_close
                0x08003c74       0x80 Middlewares\Third_Party\LwIP\src\apps\mqtt\mqtt.o
 .text.mqtt_tcp_err_cb
                0x08003cf4       0x34 Middlewares\Third_Party\LwIP\src\apps\mqtt\mqtt.o
 .text.mqtt_tcp_sent_cb
                0x08003d28       0x3c Middlewares\Third_Party\LwIP\src\apps\mqtt\mqtt.o
 .text.mqtt_output_append_fixed_header.constprop.5
                0x08003d64       0x44 Middlewares\Third_Party\LwIP\src\apps\mqtt\mqtt.o
 .text.mqtt_cyclic_timer
                0x08003da8       0xf4 Middlewares\Third_Party\LwIP\src\apps\mqtt\mqtt.o
 .text.pub_ack_rec_rel_response
                0x08003e9c       0x48 Middlewares\Third_Party\LwIP\src\apps\mqtt\mqtt.o
 .text.mqtt_message_received
                0x08003ee4      0x184 Middlewares\Third_Party\LwIP\src\apps\mqtt\mqtt.o
 .text.mqtt_tcp_recv_cb
                0x08004068      0x18c Middlewares\Third_Party\LwIP\src\apps\mqtt\mqtt.o
 .text.mqtt_publish
                0x080041f4      0x164 Middlewares\Third_Party\LwIP\src\apps\mqtt\mqtt.o
                0x080041f4                mqtt_publish
 .text.mqtt_sub_unsub
                0x08004358      0x154 Middlewares\Third_Party\LwIP\src\apps\mqtt\mqtt.o
                0x08004358                mqtt_sub_unsub
 .text.mqtt_set_inpub_callback
                0x080044ac       0x30 Middlewares\Third_Party\LwIP\src\apps\mqtt\mqtt.o
                0x080044ac                mqtt_set_inpub_callback
 .text.mqtt_client_new
                0x080044dc       0x1c Middlewares\Third_Party\LwIP\src\apps\mqtt\mqtt.o
                0x080044dc                mqtt_client_new
 .text.mqtt_client_connect
                0x080044f8      0x244 Middlewares\Third_Party\LwIP\src\apps\mqtt\mqtt.o
                0x080044f8                mqtt_client_connect
 .text.lwip_htons
                0x0800473c        0x6 Middlewares\Third_Party\LwIP\src\core\def.o
                0x0800473c                lwip_htons
 .text.lwip_htonl
                0x08004742        0x4 Middlewares\Third_Party\LwIP\src\core\def.o
                0x08004742                lwip_htonl
 .text.lwip_standard_chksum
                0x08004746       0x60 Middlewares\Third_Party\LwIP\src\core\inet_chksum.o
                0x08004746                lwip_standard_chksum
 .text.inet_chksum_pseudo
                0x080047a6       0x92 Middlewares\Third_Party\LwIP\src\core\inet_chksum.o
                0x080047a6                inet_chksum_pseudo
 .text.ip_chksum_pseudo
                0x08004838        0x4 Middlewares\Third_Party\LwIP\src\core\inet_chksum.o
                0x08004838                ip_chksum_pseudo
 .text.inet_chksum
                0x0800483c        0xc Middlewares\Third_Party\LwIP\src\core\inet_chksum.o
                0x0800483c                inet_chksum
 .text.inet_chksum_pbuf
                0x08004848       0x46 Middlewares\Third_Party\LwIP\src\core\inet_chksum.o
                0x08004848                inet_chksum_pbuf
 .text.lwip_init
                0x0800488e       0x22 Middlewares\Third_Party\LwIP\src\core\init.o
                0x0800488e                lwip_init
 .text.dhcp_set_state
                0x080048b0       0x10 Middlewares\Third_Party\LwIP\src\core\ipv4\dhcp.o
 .text.dhcp_option_short
                0x080048c0       0x44 Middlewares\Third_Party\LwIP\src\core\ipv4\dhcp.o
 .text.dhcp_option
                0x08004904       0x48 Middlewares\Third_Party\LwIP\src\core\ipv4\dhcp.o
 .text.dhcp_option_byte
                0x0800494c       0x38 Middlewares\Third_Party\LwIP\src\core\ipv4\dhcp.o
 .text.dhcp_option_long
                0x08004984       0x5c Middlewares\Third_Party\LwIP\src\core\ipv4\dhcp.o
 .text.dhcp_create_msg
                0x080049e0      0x1b8 Middlewares\Third_Party\LwIP\src\core\ipv4\dhcp.o
 .text.dhcp_check
                0x08004b98       0x2a Middlewares\Third_Party\LwIP\src\core\ipv4\dhcp.o
 *fill*         0x08004bc2        0x2 
 .text.dhcp_bind
                0x08004bc4      0x100 Middlewares\Third_Party\LwIP\src\core\ipv4\dhcp.o
 .text.dhcp_option_trailer
                0x08004cc4       0x78 Middlewares\Third_Party\LwIP\src\core\ipv4\dhcp.o
 .text.dhcp_delete_msg
                0x08004d3c       0x60 Middlewares\Third_Party\LwIP\src\core\ipv4\dhcp.o
 .text.dhcp_discover
                0x08004d9c       0xbc Middlewares\Third_Party\LwIP\src\core\ipv4\dhcp.o
 .text.dhcp_reboot
                0x08004e58       0xd4 Middlewares\Third_Party\LwIP\src\core\ipv4\dhcp.o
 .text.dhcp_option_hostname.isra.3
                0x08004f2c       0x6c Middlewares\Third_Party\LwIP\src\core\ipv4\dhcp.o
 .text.dhcp_select
                0x08004f98       0xf0 Middlewares\Third_Party\LwIP\src\core\ipv4\dhcp.o
 .text.dhcp_network_changed
                0x08005088       0x2c Middlewares\Third_Party\LwIP\src\core\ipv4\dhcp.o
                0x08005088                dhcp_network_changed
 .text.dhcp_arp_reply
                0x080050b4       0xb0 Middlewares\Third_Party\LwIP\src\core\ipv4\dhcp.o
                0x080050b4                dhcp_arp_reply
 .text.dhcp_renew
                0x08005164       0xbc Middlewares\Third_Party\LwIP\src\core\ipv4\dhcp.o
                0x08005164                dhcp_renew
 .text.dhcp_supplied_address
                0x08005220       0x1c Middlewares\Third_Party\LwIP\src\core\ipv4\dhcp.o
                0x08005220                dhcp_supplied_address
 .text.dhcp_release
                0x0800523c       0xac Middlewares\Third_Party\LwIP\src\core\ipv4\dhcp.o
                0x0800523c                dhcp_release
 .text.dhcp_coarse_tmr
                0x080052e8      0x15c Middlewares\Third_Party\LwIP\src\core\ipv4\dhcp.o
                0x080052e8                dhcp_coarse_tmr
 .text.dhcp_fine_tmr
                0x08005444       0x7c Middlewares\Third_Party\LwIP\src\core\ipv4\dhcp.o
                0x08005444                dhcp_fine_tmr
 .text.etharp_free_entry
                0x080054c0       0x3c Middlewares\Third_Party\LwIP\src\core\ipv4\etharp.o
 .text.etharp_raw
                0x080054fc       0xd8 Middlewares\Third_Party\LwIP\src\core\ipv4\etharp.o
 .text.etharp_find_entry.isra.0
                0x080055d4      0x114 Middlewares\Third_Party\LwIP\src\core\ipv4\etharp.o
 .text.etharp_cleanup_netif
                0x080056e8       0x28 Middlewares\Third_Party\LwIP\src\core\ipv4\etharp.o
                0x080056e8                etharp_cleanup_netif
 .text.etharp_input
                0x08005710      0x14c Middlewares\Third_Party\LwIP\src\core\ipv4\etharp.o
                0x08005710                etharp_input
 .text.etharp_request
                0x0800585c       0x2c Middlewares\Third_Party\LwIP\src\core\ipv4\etharp.o
                0x0800585c                etharp_request
 .text.etharp_tmr
                0x08005888       0x54 Middlewares\Third_Party\LwIP\src\core\ipv4\etharp.o
                0x08005888                etharp_tmr
 .text.etharp_output_to_arp_index
                0x080058dc       0xb8 Middlewares\Third_Party\LwIP\src\core\ipv4\etharp.o
 .text.etharp_query
                0x08005994      0x150 Middlewares\Third_Party\LwIP\src\core\ipv4\etharp.o
                0x08005994                etharp_query
 .text.etharp_output
                0x08005ae4      0x128 Middlewares\Third_Party\LwIP\src\core\ipv4\etharp.o
                0x08005ae4                etharp_output
 .text.icmp_send_response.isra.0
                0x08005c0c       0xa8 Middlewares\Third_Party\LwIP\src\core\ipv4\icmp.o
 .text.icmp_input
                0x08005cb4      0x16c Middlewares\Third_Party\LwIP\src\core\ipv4\icmp.o
                0x08005cb4                icmp_input
 .text.icmp_dest_unreach
                0x08005e20        0xa Middlewares\Third_Party\LwIP\src\core\ipv4\icmp.o
                0x08005e20                icmp_dest_unreach
 .text.icmp_time_exceeded
                0x08005e2a        0xa Middlewares\Third_Party\LwIP\src\core\ipv4\icmp.o
                0x08005e2a                icmp_time_exceeded
 .text.ip4_route
                0x08005e34       0x58 Middlewares\Third_Party\LwIP\src\core\ipv4\ip4.o
                0x08005e34                ip4_route
 .text.ip4_input
                0x08005e8c      0x1a8 Middlewares\Third_Party\LwIP\src\core\ipv4\ip4.o
                0x08005e8c                ip4_input
 .text.ip4_output_if_src
                0x08006034      0x128 Middlewares\Third_Party\LwIP\src\core\ipv4\ip4.o
                0x08006034                ip4_output_if_src
 .text.ip4_output_if
                0x0800615c       0x22 Middlewares\Third_Party\LwIP\src\core\ipv4\ip4.o
                0x0800615c                ip4_output_if
 .text.ip4_addr_isbroadcast_u32
                0x0800617e       0x32 Middlewares\Third_Party\LwIP\src\core\ipv4\ip4_addr.o
                0x0800617e                ip4_addr_isbroadcast_u32
 .text.ip_reass_dequeue_datagram
                0x080061b0       0x44 Middlewares\Third_Party\LwIP\src\core\ipv4\ip4_frag.o
 .text.ip_reass_free_complete_datagram
                0x080061f4       0xe8 Middlewares\Third_Party\LwIP\src\core\ipv4\ip4_frag.o
 .text.ip_reass_remove_oldest_datagram
                0x080062dc       0x78 Middlewares\Third_Party\LwIP\src\core\ipv4\ip4_frag.o
 .text.ip_frag_free_pbuf_custom_ref
                0x08006354       0x2c Middlewares\Third_Party\LwIP\src\core\ipv4\ip4_frag.o
 .text.ipfrag_free_pbuf_custom
                0x08006380       0x34 Middlewares\Third_Party\LwIP\src\core\ipv4\ip4_frag.o
 .text.ip_reass_tmr
                0x080063b4       0x28 Middlewares\Third_Party\LwIP\src\core\ipv4\ip4_frag.o
                0x080063b4                ip_reass_tmr
 .text.ip4_reass
                0x080063dc      0x364 Middlewares\Third_Party\LwIP\src\core\ipv4\ip4_frag.o
                0x080063dc                ip4_reass
 .text.ip4_frag
                0x08006740      0x1c4 Middlewares\Third_Party\LwIP\src\core\ipv4\ip4_frag.o
                0x08006740                ip4_frag
 .text.mem_init
                0x08006904       0x68 Middlewares\Third_Party\LwIP\src\core\mem.o
                0x08006904                mem_init
 .text.mem_free
                0x0800696c      0x164 Middlewares\Third_Party\LwIP\src\core\mem.o
                0x0800696c                mem_free
 .text.mem_trim
                0x08006ad0      0x10c Middlewares\Third_Party\LwIP\src\core\mem.o
                0x08006ad0                mem_trim
 .text.mem_malloc
                0x08006bdc      0x13c Middlewares\Third_Party\LwIP\src\core\mem.o
                0x08006bdc                mem_malloc
 .text.do_memp_malloc_pool.isra.0
                0x08006d18       0x2c Middlewares\Third_Party\LwIP\src\core\memp.o
 .text.do_memp_free_pool.isra.1
                0x08006d44       0x30 Middlewares\Third_Party\LwIP\src\core\memp.o
 .text.memp_init_pool
                0x08006d74       0x26 Middlewares\Third_Party\LwIP\src\core\memp.o
                0x08006d74                memp_init_pool
 *fill*         0x08006d9a        0x2 
 .text.memp_init
                0x08006d9c       0x1c Middlewares\Third_Party\LwIP\src\core\memp.o
                0x08006d9c                memp_init
 .text.memp_malloc
                0x08006db8       0x38 Middlewares\Third_Party\LwIP\src\core\memp.o
                0x08006db8                memp_malloc
 .text.memp_free
                0x08006df0       0x34 Middlewares\Third_Party\LwIP\src\core\memp.o
                0x08006df0                memp_free
 .text.netif_issue_reports.part.0
                0x08006e24       0x12 Middlewares\Third_Party\LwIP\src\core\netif.o
 .text.netif_init
                0x08006e36        0x2 Middlewares\Third_Party\LwIP\src\core\netif.o
                0x08006e36                netif_init
 .text.netif_set_ipaddr
                0x08006e38       0x44 Middlewares\Third_Party\LwIP\src\core\netif.o
                0x08006e38                netif_set_ipaddr
 .text.netif_set_addr
                0x08006e7c       0x38 Middlewares\Third_Party\LwIP\src\core\netif.o
                0x08006e7c                netif_set_addr
 .text.netif_add
                0x08006eb4       0x80 Middlewares\Third_Party\LwIP\src\core\netif.o
                0x08006eb4                netif_add
 .text.netif_set_default
                0x08006f34        0xc Middlewares\Third_Party\LwIP\src\core\netif.o
                0x08006f34                netif_set_default
 .text.netif_set_up
                0x08006f40       0x1e Middlewares\Third_Party\LwIP\src\core\netif.o
                0x08006f40                netif_set_up
 .text.netif_set_down
                0x08006f5e       0x1a Middlewares\Third_Party\LwIP\src\core\netif.o
                0x08006f5e                netif_set_down
 .text.netif_set_link_up
                0x08006f78       0x38 Middlewares\Third_Party\LwIP\src\core\netif.o
                0x08006f78                netif_set_link_up
 .text.netif_set_link_down
                0x08006fb0       0x18 Middlewares\Third_Party\LwIP\src\core\netif.o
                0x08006fb0                netif_set_link_down
 .text.netif_set_link_callback
                0x08006fc8        0x6 Middlewares\Third_Party\LwIP\src\core\netif.o
                0x08006fc8                netif_set_link_callback
 .text.pbuf_skip_const
                0x08006fce       0x16 Middlewares\Third_Party\LwIP\src\core\pbuf.o
 .text.pbuf_header_impl
                0x08006fe4       0x9c Middlewares\Third_Party\LwIP\src\core\pbuf.o
 .text.pbuf_alloced_custom
                0x08007080       0x70 Middlewares\Third_Party\LwIP\src\core\pbuf.o
                0x08007080                pbuf_alloced_custom
 .text.pbuf_header
                0x080070f0        0x6 Middlewares\Third_Party\LwIP\src\core\pbuf.o
                0x080070f0                pbuf_header
 .text.pbuf_header_force
                0x080070f6        0x6 Middlewares\Third_Party\LwIP\src\core\pbuf.o
                0x080070f6                pbuf_header_force
 .text.pbuf_free
                0x080070fc       0xc4 Middlewares\Third_Party\LwIP\src\core\pbuf.o
                0x080070fc                pbuf_free
 .text.pbuf_alloc
                0x080071c0      0x1b8 Middlewares\Third_Party\LwIP\src\core\pbuf.o
                0x080071c0                pbuf_alloc
 .text.pbuf_realloc
                0x08007378       0xe0 Middlewares\Third_Party\LwIP\src\core\pbuf.o
                0x08007378                pbuf_realloc
 .text.pbuf_clen
                0x08007458       0x10 Middlewares\Third_Party\LwIP\src\core\pbuf.o
                0x08007458                pbuf_clen
 .text.pbuf_ref
                0x08007468       0x28 Middlewares\Third_Party\LwIP\src\core\pbuf.o
                0x08007468                pbuf_ref
 .text.pbuf_cat
                0x08007490       0x74 Middlewares\Third_Party\LwIP\src\core\pbuf.o
                0x08007490                pbuf_cat
 .text.pbuf_chain
                0x08007504       0x12 Middlewares\Third_Party\LwIP\src\core\pbuf.o
                0x08007504                pbuf_chain
 *fill*         0x08007516        0x2 
 .text.pbuf_copy
                0x08007518      0x114 Middlewares\Third_Party\LwIP\src\core\pbuf.o
                0x08007518                pbuf_copy
 .text.pbuf_copy_partial
                0x0800762c       0x8c Middlewares\Third_Party\LwIP\src\core\pbuf.o
                0x0800762c                pbuf_copy_partial
 .text.pbuf_try_get_at
                0x080076b8       0x26 Middlewares\Third_Party\LwIP\src\core\pbuf.o
                0x080076b8                pbuf_try_get_at
 .text.pbuf_get_at
                0x080076de        0xe Middlewares\Third_Party\LwIP\src\core\pbuf.o
                0x080076de                pbuf_get_at
 .text.tcp_new_port
                0x080076ec       0x50 Middlewares\Third_Party\LwIP\src\core\tcp.o
 .text.tcp_close_shutdown_fin
                0x0800773c       0x60 Middlewares\Third_Party\LwIP\src\core\tcp.o
 .text.tcp_init
                0x0800779c        0x2 Middlewares\Third_Party\LwIP\src\core\tcp.o
                0x0800779c                tcp_init
 *fill*         0x0800779e        0x2 
 .text.tcp_bind
                0x080077a0       0x94 Middlewares\Third_Party\LwIP\src\core\tcp.o
                0x080077a0                tcp_bind
 .text.tcp_update_rcv_ann_wnd
                0x08007834       0x58 Middlewares\Third_Party\LwIP\src\core\tcp.o
                0x08007834                tcp_update_rcv_ann_wnd
 .text.tcp_recved
                0x0800788c       0x80 Middlewares\Third_Party\LwIP\src\core\tcp.o
                0x0800788c                tcp_recved
 .text.tcp_seg_free
                0x0800790c       0x1c Middlewares\Third_Party\LwIP\src\core\tcp.o
                0x0800790c                tcp_seg_free
 .text.tcp_segs_free
                0x08007928       0x10 Middlewares\Third_Party\LwIP\src\core\tcp.o
                0x08007928                tcp_segs_free
 .text.tcp_arg  0x08007938        0x6 Middlewares\Third_Party\LwIP\src\core\tcp.o
                0x08007938                tcp_arg
 *fill*         0x0800793e        0x2 
 .text.tcp_recv
                0x08007940       0x2c Middlewares\Third_Party\LwIP\src\core\tcp.o
                0x08007940                tcp_recv
 .text.tcp_sent
                0x0800796c       0x2c Middlewares\Third_Party\LwIP\src\core\tcp.o
                0x0800796c                tcp_sent
 .text.tcp_err  0x08007998       0x30 Middlewares\Third_Party\LwIP\src\core\tcp.o
                0x08007998                tcp_err
 .text.tcp_poll
                0x080079c8       0x30 Middlewares\Third_Party\LwIP\src\core\tcp.o
                0x080079c8                tcp_poll
 .text.tcp_pcb_purge
                0x080079f8       0x38 Middlewares\Third_Party\LwIP\src\core\tcp.o
                0x080079f8                tcp_pcb_purge
 .text.tcp_slowtmr
                0x08007a30      0x3a0 Middlewares\Third_Party\LwIP\src\core\tcp.o
                0x08007a30                tcp_slowtmr
 .text.tcp_pcb_remove
                0x08007dd0       0x88 Middlewares\Third_Party\LwIP\src\core\tcp.o
                0x08007dd0                tcp_pcb_remove
 .text.tcp_close_shutdown
                0x08007e58      0x14c Middlewares\Third_Party\LwIP\src\core\tcp.o
 .text.tcp_close
                0x08007fa4       0x14 Middlewares\Third_Party\LwIP\src\core\tcp.o
                0x08007fa4                tcp_close
 .text.tcp_recv_null
                0x08007fb8       0x24 Middlewares\Third_Party\LwIP\src\core\tcp.o
                0x08007fb8                tcp_recv_null
 .text.tcp_process_refused_data
                0x08007fdc       0x64 Middlewares\Third_Party\LwIP\src\core\tcp.o
                0x08007fdc                tcp_process_refused_data
 .text.tcp_fasttmr
                0x08008040       0x80 Middlewares\Third_Party\LwIP\src\core\tcp.o
                0x08008040                tcp_fasttmr
 .text.tcp_tmr  0x080080c0       0x24 Middlewares\Third_Party\LwIP\src\core\tcp.o
                0x080080c0                tcp_tmr
 .text.tcp_abandon
                0x080080e4       0xe4 Middlewares\Third_Party\LwIP\src\core\tcp.o
                0x080080e4                tcp_abandon
 .text.tcp_abort
                0x080081c8        0x6 Middlewares\Third_Party\LwIP\src\core\tcp.o
                0x080081c8                tcp_abort
 .text.tcp_netif_ip_addr_changed_pcblist
                0x080081ce       0x1c Middlewares\Third_Party\LwIP\src\core\tcp.o
 *fill*         0x080081ea        0x2 
 .text.tcp_kill_state
                0x080081ec       0x60 Middlewares\Third_Party\LwIP\src\core\tcp.o
 .text.tcp_alloc
                0x0800824c      0x10c Middlewares\Third_Party\LwIP\src\core\tcp.o
                0x0800824c                tcp_alloc
 .text.tcp_new  0x08008358        0x6 Middlewares\Third_Party\LwIP\src\core\tcp.o
                0x08008358                tcp_new
 *fill*         0x0800835e        0x2 
 .text.tcp_next_iss
                0x08008360       0x18 Middlewares\Third_Party\LwIP\src\core\tcp.o
                0x08008360                tcp_next_iss
 .text.tcp_eff_send_mss_impl
                0x08008378       0x1e Middlewares\Third_Party\LwIP\src\core\tcp.o
                0x08008378                tcp_eff_send_mss_impl
 *fill*         0x08008396        0x2 
 .text.tcp_connect
                0x08008398      0x100 Middlewares\Third_Party\LwIP\src\core\tcp.o
                0x08008398                tcp_connect
 .text.tcp_netif_ip_addr_changed
                0x08008498       0x4c Middlewares\Third_Party\LwIP\src\core\tcp.o
                0x08008498                tcp_netif_ip_addr_changed
 .text.tcp_receive
                0x080084e4      0x5fc Middlewares\Third_Party\LwIP\src\core\tcp_in.o
 .text.tcp_getoptbyte
                0x08008ae0       0x40 Middlewares\Third_Party\LwIP\src\core\tcp_in.o
 .text.tcp_parseopt.isra.1.part.2
                0x08008b20       0x78 Middlewares\Third_Party\LwIP\src\core\tcp_in.o
 .text.unlikely.tcp_input_delayed_close
                0x08008b98       0x40 Middlewares\Third_Party\LwIP\src\core\tcp_in.o
 .text.tcp_input
                0x08008bd8      0xa20 Middlewares\Third_Party\LwIP\src\core\tcp_in.o
                0x08008bd8                tcp_input
 .text.tcp_trigger_input_pcb_close
                0x080095f8       0x10 Middlewares\Third_Party\LwIP\src\core\tcp_in.o
                0x080095f8                tcp_trigger_input_pcb_close
 .text.tcp_pbuf_prealloc
                0x08009608       0x74 Middlewares\Third_Party\LwIP\src\core\tcp_out.o
 .text.tcp_create_segment
                0x0800967c       0xd8 Middlewares\Third_Party\LwIP\src\core\tcp_out.o
 .text.tcp_output_alloc_header.constprop.1
                0x08009754       0x78 Middlewares\Third_Party\LwIP\src\core\tcp_out.o
 .text.tcp_write
                0x080097cc      0x5a0 Middlewares\Third_Party\LwIP\src\core\tcp_out.o
                0x080097cc                tcp_write
 .text.tcp_enqueue_flags
                0x08009d6c      0x130 Middlewares\Third_Party\LwIP\src\core\tcp_out.o
                0x08009d6c                tcp_enqueue_flags
 .text.tcp_send_fin
                0x08009e9c       0x44 Middlewares\Third_Party\LwIP\src\core\tcp_out.o
                0x08009e9c                tcp_send_fin
 .text.tcp_send_empty_ack
                0x08009ee0       0x86 Middlewares\Third_Party\LwIP\src\core\tcp_out.o
                0x08009ee0                tcp_send_empty_ack
 *fill*         0x08009f66        0x2 
 .text.tcp_output
                0x08009f68      0x320 Middlewares\Third_Party\LwIP\src\core\tcp_out.o
                0x08009f68                tcp_output
 .text.tcp_rst  0x0800a288       0xc8 Middlewares\Third_Party\LwIP\src\core\tcp_out.o
                0x0800a288                tcp_rst
 .text.tcp_rexmit_rto
                0x0800a350       0x3a Middlewares\Third_Party\LwIP\src\core\tcp_out.o
                0x0800a350                tcp_rexmit_rto
 .text.tcp_rexmit
                0x0800a38a       0x52 Middlewares\Third_Party\LwIP\src\core\tcp_out.o
                0x0800a38a                tcp_rexmit
 .text.tcp_rexmit_fast
                0x0800a3dc       0x4e Middlewares\Third_Party\LwIP\src\core\tcp_out.o
                0x0800a3dc                tcp_rexmit_fast
 .text.tcp_keepalive
                0x0800a42a       0x70 Middlewares\Third_Party\LwIP\src\core\tcp_out.o
                0x0800a42a                tcp_keepalive
 .text.tcp_zero_window_probe
                0x0800a49a       0xd6 Middlewares\Third_Party\LwIP\src\core\tcp_out.o
                0x0800a49a                tcp_zero_window_probe
 .text.sys_timeout
                0x0800a570       0xa4 Middlewares\Third_Party\LwIP\src\core\timeouts.o
                0x0800a570                sys_timeout
 .text.tcp_timer_needed
                0x0800a614       0x34 Middlewares\Third_Party\LwIP\src\core\timeouts.o
                0x0800a614                tcp_timer_needed
 .text.tcpip_tcp_timer
                0x0800a648       0x38 Middlewares\Third_Party\LwIP\src\core\timeouts.o
 .text.sys_timeouts_init
                0x0800a680       0x54 Middlewares\Third_Party\LwIP\src\core\timeouts.o
                0x0800a680                sys_timeouts_init
 .text.cyclic_timer
                0x0800a6d4       0x1c Middlewares\Third_Party\LwIP\src\core\timeouts.o
 .text.sys_untimeout
                0x0800a6f0       0x48 Middlewares\Third_Party\LwIP\src\core\timeouts.o
                0x0800a6f0                sys_untimeout
 .text.sys_timeouts_mbox_fetch
                0x0800a738       0xa4 Middlewares\Third_Party\LwIP\src\core\timeouts.o
                0x0800a738                sys_timeouts_mbox_fetch
 .text.udp_init
                0x0800a7dc        0x2 Middlewares\Third_Party\LwIP\src\core\udp.o
                0x0800a7dc                udp_init
 *fill*         0x0800a7de        0x2 
 .text.udp_input
                0x0800a7e0      0x15c Middlewares\Third_Party\LwIP\src\core\udp.o
                0x0800a7e0                udp_input
 .text.udp_bind
                0x0800a93c       0xa8 Middlewares\Third_Party\LwIP\src\core\udp.o
                0x0800a93c                udp_bind
 .text.udp_sendto_if_src
                0x0800a9e4       0xf0 Middlewares\Third_Party\LwIP\src\core\udp.o
                0x0800a9e4                udp_sendto_if_src
 .text.udp_sendto_if
                0x0800aad4       0x38 Middlewares\Third_Party\LwIP\src\core\udp.o
                0x0800aad4                udp_sendto_if
 .text.udp_netif_ip_addr_changed
                0x0800ab0c       0x2c Middlewares\Third_Party\LwIP\src\core\udp.o
                0x0800ab0c                udp_netif_ip_addr_changed
 .text.ethernet_input
                0x0800ab38       0x98 Middlewares\Third_Party\LwIP\src\netif\ethernet.o
                0x0800ab38                ethernet_input
 .text.ethernet_output
                0x0800abd0       0x70 Middlewares\Third_Party\LwIP\src\netif\ethernet.o
                0x0800abd0                ethernet_output
 .text.sys_mbox_new
                0x0800ac40       0x24 Middlewares\Third_Party\LwIP\system\OS\sys_arch.o
                0x0800ac40                sys_mbox_new
 .text.sys_mbox_trypost
                0x0800ac64       0x14 Middlewares\Third_Party\LwIP\system\OS\sys_arch.o
                0x0800ac64                sys_mbox_trypost
 .text.sys_arch_mbox_fetch
                0x0800ac78       0x44 Middlewares\Third_Party\LwIP\system\OS\sys_arch.o
                0x0800ac78                sys_arch_mbox_fetch
 .text.sys_mbox_valid
                0x0800acbc        0xa Middlewares\Third_Party\LwIP\system\OS\sys_arch.o
                0x0800acbc                sys_mbox_valid
 *fill*         0x0800acc6        0x2 
 .text.sys_init
                0x0800acc8       0x18 Middlewares\Third_Party\LwIP\system\OS\sys_arch.o
                0x0800acc8                sys_init
 .text.sys_mutex_new
                0x0800ace0       0x1e Middlewares\Third_Party\LwIP\system\OS\sys_arch.o
                0x0800ace0                sys_mutex_new
 .text.sys_mutex_lock
                0x0800acfe        0xa Middlewares\Third_Party\LwIP\system\OS\sys_arch.o
                0x0800acfe                sys_mutex_lock
 .text.sys_mutex_unlock
                0x0800ad08        0x6 Middlewares\Third_Party\LwIP\system\OS\sys_arch.o
                0x0800ad08                sys_mutex_unlock
 .text.sys_thread_new
                0x0800ad0e       0x2e Middlewares\Third_Party\LwIP\system\OS\sys_arch.o
                0x0800ad0e                sys_thread_new
 .text.User_notification
                0x0800ad3c       0x20 Src\app_ethernet.o
                0x0800ad3c                User_notification
 .text.ethernetif_notify_conn_changed
                0x0800ad5c       0x6c Src\app_ethernet.o
                0x0800ad5c                ethernetif_notify_conn_changed
 .text.enc_wrgreg2
                0x0800adc8       0x1a Src\enc28j60.o
 .text.enc_rdgreg2
                0x0800ade2       0x1a Src\enc28j60.o
 .text.enc_rdbuffer
                0x0800adfc       0x20 Src\enc28j60.o
 .text.up_udelay
                0x0800ae1c       0x24 Src\enc28j60.o
                0x0800ae1c                up_udelay
 .text.enc_reset
                0x0800ae40       0x18 Src\enc28j60.o
                0x0800ae40                enc_reset
 .text.enc_setbank
                0x0800ae58       0x22 Src\enc28j60.o
                0x0800ae58                enc_setbank
 .text.enc_rdbreg
                0x0800ae7a       0x36 Src\enc28j60.o
 .text.enc_waitbreg.constprop.2
                0x0800aeb0       0x2e Src\enc28j60.o
 .text.enc_wrbreg
                0x0800aede       0x2c Src\enc28j60.o
 .text.enc_wrphy
                0x0800af0a       0x32 Src\enc28j60.o
 .text.enc_rdphy
                0x0800af3c       0x48 Src\enc28j60.o
 .text.ENC_Start
                0x0800af84      0x1c4 Src\enc28j60.o
                0x0800af84                ENC_Start
 .text.ENC_SetMacAddr
                0x0800b148       0x4e Src\enc28j60.o
                0x0800b148                ENC_SetMacAddr
 .text.ENC_WriteBuffer
                0x0800b196       0x20 Src\enc28j60.o
                0x0800b196                ENC_WriteBuffer
 .text.ENC_RestoreTXBuffer
                0x0800b1b6       0x98 Src\enc28j60.o
                0x0800b1b6                ENC_RestoreTXBuffer
 .text.ENC_Transmit
                0x0800b24e       0xa4 Src\enc28j60.o
                0x0800b24e                ENC_Transmit
 .text.ENC_GetReceivedFrame
                0x0800b2f2       0xaa Src\enc28j60.o
                0x0800b2f2                ENC_GetReceivedFrame
 .text.ENC_EnableInterrupts
                0x0800b39c        0x8 Src\enc28j60.o
                0x0800b39c                ENC_EnableInterrupts
 .text.ENC_IRQHandler
                0x0800b3a4       0x48 Src\enc28j60.o
                0x0800b3a4                ENC_IRQHandler
 .text.low_level_input.isra.0
                0x0800b3ec       0x48 Src\ethernetif.o
 .text.low_level_output
                0x0800b434       0x3c Src\ethernetif.o
 .text.MX_SPI3_Init
                0x0800b470       0x34 Src\ethernetif.o
                0x0800b470                MX_SPI3_Init
 .text.ENC_MSPInit
                0x0800b4a4       0x90 Src\ethernetif.o
                0x0800b4a4                ENC_MSPInit
 .text.low_level_init
                0x0800b534       0x70 Src\ethernetif.o
 .text.ethernetif_input
                0x0800b5a4       0x20 Src\ethernetif.o
                0x0800b5a4                ethernetif_input
 .text.ethernetif_init
                0x0800b5c4       0x50 Src\ethernetif.o
                0x0800b5c4                ethernetif_init
 .text.sys_now  0x0800b614        0x4 Src\ethernetif.o
                0x0800b614                sys_now
 .text.ethernetif_set_link
                0x0800b618       0x2c Src\ethernetif.o
                0x0800b618                ethernetif_set_link
 .text.ethernet_transmit
                0x0800b644        0xc Src\ethernetif.o
                0x0800b644                ethernet_transmit
 .text.ENC_SPI_SendWithoutSelection
                0x0800b650       0x28 Src\ethernetif.o
                0x0800b650                ENC_SPI_SendWithoutSelection
 .text.ENC_SPI_Send
                0x0800b678       0x60 Src\ethernetif.o
                0x0800b678                ENC_SPI_Send
 .text.ENC_SPI_SendBuf
                0x0800b6d8       0x7c Src\ethernetif.o
                0x0800b6d8                ENC_SPI_SendBuf
 .text.ethernetif_update_config
                0x0800b754       0x18 Src\ethernetif.o
                0x0800b754                ethernetif_update_config
 .text.ENC_SPI_Select
                0x0800b76c       0x40 Src\ethernetif.o
                0x0800b76c                ENC_SPI_Select
 .text.vApplicationGetIdleTaskMemory
                0x0800b7ac       0x18 Src\freertos.o
                0x0800b7ac                vApplicationGetIdleTaskMemory
 .text.mqtt_sub_request_cb
                0x0800b7c4       0x14 Src\lwip_mqtt.o
 .text.mqtt_pub_request_cb
                0x0800b7d8       0x18 Src\lwip_mqtt.o
 .text.mqtt_incoming_data_cb
                0x0800b7f0       0x54 Src\lwip_mqtt.o
 .text.mqtt_incoming_publish_cb
                0x0800b844       0x40 Src\lwip_mqtt.o
 .text.example_do_connect
                0x0800b884       0x54 Src\lwip_mqtt.o
                0x0800b884                example_do_connect
 .text.mqtt_connection_cb
                0x0800b8d8       0x78 Src\lwip_mqtt.o
 .text.example_publish
                0x0800b950       0x4c Src\lwip_mqtt.o
                0x0800b950                example_publish
 .text.StartDefaultTask
                0x0800b99c       0x28 Src\main.o
                0x0800b99c                StartDefaultTask
 .text.Set_Pin_Output
                0x0800b9c4       0x24 Src\main.o
                0x0800b9c4                Set_Pin_Output
 .text.Set_Pin_Input
                0x0800b9e8       0x24 Src\main.o
                0x0800b9e8                Set_Pin_Input
 .text.delay    0x0800ba0c       0x14 Src\main.o
                0x0800ba0c                delay
 .text.DHT11_Start
                0x0800ba20       0x48 Src\main.o
                0x0800ba20                DHT11_Start
 .text.DHT11_Check_Response
                0x0800ba68       0x48 Src\main.o
                0x0800ba68                DHT11_Check_Response
 .text.DHT11_Read
                0x0800bab0       0x54 Src\main.o
                0x0800bab0                DHT11_Read
 .text.Start    0x0800bb04       0xd0 Src\main.o
                0x0800bb04                Start
 .text.SystemClock_Config
                0x0800bbd4       0x98 Src\main.o
                0x0800bbd4                SystemClock_Config
 .text.startup.main
                0x0800bc6c      0x2a4 Src\main.o
                0x0800bc6c                main
 .text.HAL_GPIO_EXTI_Callback
                0x0800bf10       0x10 Src\main.o
                0x0800bf10                HAL_GPIO_EXTI_Callback
 .text.MX_LWIP_Init
                0x0800bf20       0xb0 Src\main.o
                0x0800bf20                MX_LWIP_Init
 .text.Mqtt_test
                0x0800bfd0       0xd0 Src\main.o
 .text.HAL_TIM_PeriodElapsedCallback
                0x0800c0a0       0x2c Src\main.o
                0x0800c0a0                HAL_TIM_PeriodElapsedCallback
 .text.HAL_MspInit
                0x0800c0cc       0x44 Src\stm32f4xx_hal_msp.o
                0x0800c0cc                HAL_MspInit
 .text.HAL_I2C_MspInit
                0x0800c110       0x70 Src\stm32f4xx_hal_msp.o
                0x0800c110                HAL_I2C_MspInit
 .text.HAL_SPI_MspInit
                0x0800c180       0x6c Src\stm32f4xx_hal_msp.o
                0x0800c180                HAL_SPI_MspInit
 .text.HAL_TIM_Base_MspInit
                0x0800c1ec       0x6c Src\stm32f4xx_hal_msp.o
                0x0800c1ec                HAL_TIM_Base_MspInit
 .text.HAL_UART_MspInit
                0x0800c258       0x6c Src\stm32f4xx_hal_msp.o
                0x0800c258                HAL_UART_MspInit
 .text.HAL_InitTick
                0x0800c2c4       0x78 Src\stm32f4xx_hal_timebase_tim.o
                0x0800c2c4                HAL_InitTick
 .text.NMI_Handler
                0x0800c33c        0x2 Src\stm32f4xx_it.o
                0x0800c33c                NMI_Handler
 .text.HardFault_Handler
                0x0800c33e        0x2 Src\stm32f4xx_it.o
                0x0800c33e                HardFault_Handler
 .text.MemManage_Handler
                0x0800c340        0x2 Src\stm32f4xx_it.o
                0x0800c340                MemManage_Handler
 .text.BusFault_Handler
                0x0800c342        0x2 Src\stm32f4xx_it.o
                0x0800c342                BusFault_Handler
 .text.UsageFault_Handler
                0x0800c344        0x2 Src\stm32f4xx_it.o
                0x0800c344                UsageFault_Handler
 .text.DebugMon_Handler
                0x0800c346        0x2 Src\stm32f4xx_it.o
                0x0800c346                DebugMon_Handler
 .text.EXTI0_IRQHandler
                0x0800c348        0x6 Src\stm32f4xx_it.o
                0x0800c348                EXTI0_IRQHandler
 *fill*         0x0800c34e        0x2 
 .text.TIM2_IRQHandler
                0x0800c350        0xc Src\stm32f4xx_it.o
                0x0800c350                TIM2_IRQHandler
 .text.TIM3_IRQHandler
                0x0800c35c        0xc Src\stm32f4xx_it.o
                0x0800c35c                TIM3_IRQHandler
 .text.TIM4_IRQHandler
                0x0800c368        0xc Src\stm32f4xx_it.o
                0x0800c368                TIM4_IRQHandler
 .text._read    0x0800c374       0x1c Src\syscalls.o
                0x0800c374                _read
 .text._write   0x0800c390       0x1c Src\syscalls.o
                0x0800c390                _write
 .text._sbrk    0x0800c3ac       0x34 Src\syscalls.o
                0x0800c3ac                _sbrk
 .text._close   0x0800c3e0        0x6 Src\syscalls.o
                0x0800c3e0                _close
 .text._fstat   0x0800c3e6        0xa Src\syscalls.o
                0x0800c3e6                _fstat
 .text._isatty  0x0800c3f0        0x4 Src\syscalls.o
                0x0800c3f0                _isatty
 .text._lseek   0x0800c3f4        0x4 Src\syscalls.o
                0x0800c3f4                _lseek
 .text.SystemInit
                0x0800c3f8       0x1c Src\system_stm32f4xx.o
                0x0800c3f8                SystemInit
 .text.Reset_Handler
                0x0800c414       0x50 startup\startup_stm32f407xx.o
                0x0800c414                Reset_Handler
 .text.Default_Handler
                0x0800c464        0x2 startup\startup_stm32f407xx.o
                0x0800c464                RTC_Alarm_IRQHandler
                0x0800c464                HASH_RNG_IRQHandler
                0x0800c464                EXTI2_IRQHandler
                0x0800c464                TIM8_CC_IRQHandler
                0x0800c464                TIM1_CC_IRQHandler
                0x0800c464                DMA2_Stream5_IRQHandler
                0x0800c464                DMA1_Stream5_IRQHandler
                0x0800c464                PVD_IRQHandler
                0x0800c464                SDIO_IRQHandler
                0x0800c464                TAMP_STAMP_IRQHandler
                0x0800c464                CAN2_RX1_IRQHandler
                0x0800c464                EXTI3_IRQHandler
                0x0800c464                TIM8_TRG_COM_TIM14_IRQHandler
                0x0800c464                TIM1_UP_TIM10_IRQHandler
                0x0800c464                TIM8_UP_TIM13_IRQHandler
                0x0800c464                I2C3_ER_IRQHandler
                0x0800c464                I2C2_EV_IRQHandler
                0x0800c464                DMA1_Stream2_IRQHandler
                0x0800c464                CAN1_RX0_IRQHandler
                0x0800c464                FPU_IRQHandler
                0x0800c464                OTG_HS_WKUP_IRQHandler
                0x0800c464                CAN2_SCE_IRQHandler
                0x0800c464                DMA2_Stream2_IRQHandler
                0x0800c464                SPI1_IRQHandler
                0x0800c464                TIM6_DAC_IRQHandler
                0x0800c464                TIM1_BRK_TIM9_IRQHandler
                0x0800c464                DCMI_IRQHandler
                0x0800c464                CAN2_RX0_IRQHandler
                0x0800c464                DMA2_Stream3_IRQHandler
                0x0800c464                USART6_IRQHandler
                0x0800c464                USART3_IRQHandler
                0x0800c464                CAN1_RX1_IRQHandler
                0x0800c464                UART5_IRQHandler
                0x0800c464                DMA2_Stream0_IRQHandler
                0x0800c464                I2C1_EV_IRQHandler
                0x0800c464                DMA1_Stream6_IRQHandler
                0x0800c464                DMA1_Stream1_IRQHandler
                0x0800c464                UART4_IRQHandler
                0x0800c464                RCC_IRQHandler
                0x0800c464                TIM8_BRK_TIM12_IRQHandler
                0x0800c464                Default_Handler
                0x0800c464                EXTI15_10_IRQHandler
                0x0800c464                ADC_IRQHandler
                0x0800c464                DMA1_Stream7_IRQHandler
                0x0800c464                TIM7_IRQHandler
                0x0800c464                CAN2_TX_IRQHandler
                0x0800c464                TIM5_IRQHandler
                0x0800c464                DMA2_Stream7_IRQHandler
                0x0800c464                I2C3_EV_IRQHandler
                0x0800c464                EXTI9_5_IRQHandler
                0x0800c464                RTC_WKUP_IRQHandler
                0x0800c464                ETH_WKUP_IRQHandler
                0x0800c464                SPI2_IRQHandler
                0x0800c464                OTG_HS_EP1_IN_IRQHandler
                0x0800c464                DMA1_Stream0_IRQHandler
                0x0800c464                CAN1_TX_IRQHandler
                0x0800c464                EXTI4_IRQHandler
                0x0800c464                FSMC_IRQHandler
                0x0800c464                ETH_IRQHandler
                0x0800c464                OTG_HS_EP1_OUT_IRQHandler
                0x0800c464                WWDG_IRQHandler
                0x0800c464                OTG_FS_WKUP_IRQHandler
                0x0800c464                TIM1_TRG_COM_TIM11_IRQHandler
                0x0800c464                OTG_HS_IRQHandler
                0x0800c464                EXTI1_IRQHandler
                0x0800c464                USART2_IRQHandler
                0x0800c464                I2C2_ER_IRQHandler
                0x0800c464                DMA2_Stream1_IRQHandler
                0x0800c464                CAN1_SCE_IRQHandler
                0x0800c464                FLASH_IRQHandler
                0x0800c464                DMA2_Stream4_IRQHandler
                0x0800c464                USART1_IRQHandler
                0x0800c464                OTG_FS_IRQHandler
                0x0800c464                SPI3_IRQHandler
                0x0800c464                DMA1_Stream4_IRQHandler
                0x0800c464                I2C1_ER_IRQHandler
                0x0800c464                DMA2_Stream6_IRQHandler
                0x0800c464                DMA1_Stream3_IRQHandler
 *fill*         0x0800c466        0x2 
 .text.__libc_init_array
                0x0800c468       0x48 c:/program files (x86)/atollic/truestudio for stm32 9.3.0/armtools/bin/../lib/gcc/arm-atollic-eabi/6.3.1/../../../../arm-atollic-eabi/lib/armv7e-m/fpu\libc_nano.a(lib_a-init.o)
                0x0800c468                __libc_init_array
 .text.memcmp   0x0800c4b0       0x1e c:/program files (x86)/atollic/truestudio for stm32 9.3.0/armtools/bin/../lib/gcc/arm-atollic-eabi/6.3.1/../../../../arm-atollic-eabi/lib/armv7e-m/fpu\libc_nano.a(lib_a-memcmp.o)
                0x0800c4b0                memcmp
 .text.memcpy   0x0800c4ce       0x16 c:/program files (x86)/atollic/truestudio for stm32 9.3.0/armtools/bin/../lib/gcc/arm-atollic-eabi/6.3.1/../../../../arm-atollic-eabi/lib/armv7e-m/fpu\libc_nano.a(lib_a-memcpy-stub.o)
                0x0800c4ce                memcpy
 .text.memset   0x0800c4e4       0x10 c:/program files (x86)/atollic/truestudio for stm32 9.3.0/armtools/bin/../lib/gcc/arm-atollic-eabi/6.3.1/../../../../arm-atollic-eabi/lib/armv7e-m/fpu\libc_nano.a(lib_a-memset.o)
                0x0800c4e4                memset
 .text.printf   0x0800c4f4       0x30 c:/program files (x86)/atollic/truestudio for stm32 9.3.0/armtools/bin/../lib/gcc/arm-atollic-eabi/6.3.1/../../../../arm-atollic-eabi/lib/armv7e-m/fpu\libc_nano.a(lib_a-printf.o)
                0x0800c4f4                iprintf
                0x0800c4f4                printf
 .text.rand     0x0800c524       0x74 c:/program files (x86)/atollic/truestudio for stm32 9.3.0/armtools/bin/../lib/gcc/arm-atollic-eabi/6.3.1/../../../../arm-atollic-eabi/lib/armv7e-m/fpu\libc_nano.a(lib_a-rand.o)
                0x0800c524                rand
 .text.sprintf  0x0800c598       0x48 c:/program files (x86)/atollic/truestudio for stm32 9.3.0/armtools/bin/../lib/gcc/arm-atollic-eabi/6.3.1/../../../../arm-atollic-eabi/lib/armv7e-m/fpu\libc_nano.a(lib_a-sprintf.o)
                0x0800c598                siprintf
                0x0800c598                sprintf
 .text.strcpy   0x0800c5e0       0x10 c:/program files (x86)/atollic/truestudio for stm32 9.3.0/armtools/bin/../lib/gcc/arm-atollic-eabi/6.3.1/../../../../arm-atollic-eabi/lib/armv7e-m/fpu\libc_nano.a(lib_a-strcpy.o)
                0x0800c5e0                strcpy
 .text._cleanup_r
                0x0800c5f0        0xc c:/program files (x86)/atollic/truestudio for stm32 9.3.0/armtools/bin/../lib/gcc/arm-atollic-eabi/6.3.1/../../../../arm-atollic-eabi/lib/armv7e-m/fpu\libc_nano.a(lib_a-findfp.o)
                0x0800c5f0                _cleanup_r
 .text.std.isra.0
                0x0800c5fc       0x48 c:/program files (x86)/atollic/truestudio for stm32 9.3.0/armtools/bin/../lib/gcc/arm-atollic-eabi/6.3.1/../../../../arm-atollic-eabi/lib/armv7e-m/fpu\libc_nano.a(lib_a-findfp.o)
 .text.__sfmoreglue
                0x0800c644       0x2c c:/program files (x86)/atollic/truestudio for stm32 9.3.0/armtools/bin/../lib/gcc/arm-atollic-eabi/6.3.1/../../../../arm-atollic-eabi/lib/armv7e-m/fpu\libc_nano.a(lib_a-findfp.o)
                0x0800c644                __sfmoreglue
 .text.__sinit  0x0800c670       0x60 c:/program files (x86)/atollic/truestudio for stm32 9.3.0/armtools/bin/../lib/gcc/arm-atollic-eabi/6.3.1/../../../../arm-atollic-eabi/lib/armv7e-m/fpu\libc_nano.a(lib_a-findfp.o)
                0x0800c670                __sinit
 .text.__sfp    0x0800c6d0       0x78 c:/program files (x86)/atollic/truestudio for stm32 9.3.0/armtools/bin/../lib/gcc/arm-atollic-eabi/6.3.1/../../../../arm-atollic-eabi/lib/armv7e-m/fpu\libc_nano.a(lib_a-findfp.o)
                0x0800c6d0                __sfp
 .text._fwalk_reent
                0x0800c748       0x3c c:/program files (x86)/atollic/truestudio for stm32 9.3.0/armtools/bin/../lib/gcc/arm-atollic-eabi/6.3.1/../../../../arm-atollic-eabi/lib/armv7e-m/fpu\libc_nano.a(lib_a-fwalk.o)
                0x0800c748                _fwalk_reent
 .text.malloc   0x0800c784       0x10 c:/program files (x86)/atollic/truestudio for stm32 9.3.0/armtools/bin/../lib/gcc/arm-atollic-eabi/6.3.1/../../../../arm-atollic-eabi/lib/armv7e-m/fpu\libc_nano.a(lib_a-malloc.o)
                0x0800c784                malloc
 .text._free_r  0x0800c794       0x9c c:/program files (x86)/atollic/truestudio for stm32 9.3.0/armtools/bin/../lib/gcc/arm-atollic-eabi/6.3.1/../../../../arm-atollic-eabi/lib/armv7e-m/fpu\libc_nano.a(lib_a-nano-freer.o)
                0x0800c794                _free_r
 .text._malloc_r
                0x0800c830       0xbc c:/program files (x86)/atollic/truestudio for stm32 9.3.0/armtools/bin/../lib/gcc/arm-atollic-eabi/6.3.1/../../../../arm-atollic-eabi/lib/armv7e-m/fpu\libc_nano.a(lib_a-nano-mallocr.o)
                0x0800c830                _malloc_r
 .text.__ssputs_r
                0x0800c8ec       0xb6 c:/program files (x86)/atollic/truestudio for stm32 9.3.0/armtools/bin/../lib/gcc/arm-atollic-eabi/6.3.1/../../../../arm-atollic-eabi/lib/armv7e-m/fpu\libc_nano.a(lib_a-nano-svfprintf.o)
                0x0800c8ec                __ssputs_r
 *fill*         0x0800c9a2        0x2 
 .text._svfprintf_r
                0x0800c9a4      0x1e8 c:/program files (x86)/atollic/truestudio for stm32 9.3.0/armtools/bin/../lib/gcc/arm-atollic-eabi/6.3.1/../../../../arm-atollic-eabi/lib/armv7e-m/fpu\libc_nano.a(lib_a-nano-svfprintf.o)
                0x0800c9a4                _svfiprintf_r
                0x0800c9a4                _svfprintf_r
 .text.__sfputc_r
                0x0800cb8c       0x30 c:/program files (x86)/atollic/truestudio for stm32 9.3.0/armtools/bin/../lib/gcc/arm-atollic-eabi/6.3.1/../../../../arm-atollic-eabi/lib/armv7e-m/fpu\libc_nano.a(lib_a-nano-vfprintf.o)
 .text.__sfputs_r
                0x0800cbbc       0x24 c:/program files (x86)/atollic/truestudio for stm32 9.3.0/armtools/bin/../lib/gcc/arm-atollic-eabi/6.3.1/../../../../arm-atollic-eabi/lib/armv7e-m/fpu\libc_nano.a(lib_a-nano-vfprintf.o)
                0x0800cbbc                __sfputs_r
 .text._vfprintf_r
                0x0800cbe0      0x22c c:/program files (x86)/atollic/truestudio for stm32 9.3.0/armtools/bin/../lib/gcc/arm-atollic-eabi/6.3.1/../../../../arm-atollic-eabi/lib/armv7e-m/fpu\libc_nano.a(lib_a-nano-vfprintf.o)
                0x0800cbe0                _vfprintf_r
                0x0800cbe0                _vfiprintf_r
 .text._printf_common
                0x0800ce0c       0xec c:/program files (x86)/atollic/truestudio for stm32 9.3.0/armtools/bin/../lib/gcc/arm-atollic-eabi/6.3.1/../../../../arm-atollic-eabi/lib/armv7e-m/fpu\libc_nano.a(lib_a-nano-vfprintf_i.o)
                0x0800ce0c                _printf_common
 .text._printf_i
                0x0800cef8      0x240 c:/program files (x86)/atollic/truestudio for stm32 9.3.0/armtools/bin/../lib/gcc/arm-atollic-eabi/6.3.1/../../../../arm-atollic-eabi/lib/armv7e-m/fpu\libc_nano.a(lib_a-nano-vfprintf_i.o)
                0x0800cef8                _printf_i
 .text._sbrk_r  0x0800d138       0x20 c:/program files (x86)/atollic/truestudio for stm32 9.3.0/armtools/bin/../lib/gcc/arm-atollic-eabi/6.3.1/../../../../arm-atollic-eabi/lib/armv7e-m/fpu\libc_nano.a(lib_a-sbrkr.o)
                0x0800d138                _sbrk_r
 .text.__sread  0x0800d158       0x22 c:/program files (x86)/atollic/truestudio for stm32 9.3.0/armtools/bin/../lib/gcc/arm-atollic-eabi/6.3.1/../../../../arm-atollic-eabi/lib/armv7e-m/fpu\libc_nano.a(lib_a-stdio.o)
                0x0800d158                __sread
 .text.__swrite
                0x0800d17a       0x38 c:/program files (x86)/atollic/truestudio for stm32 9.3.0/armtools/bin/../lib/gcc/arm-atollic-eabi/6.3.1/../../../../arm-atollic-eabi/lib/armv7e-m/fpu\libc_nano.a(lib_a-stdio.o)
                0x0800d17a                __swrite
 .text.__sseek  0x0800d1b2       0x24 c:/program files (x86)/atollic/truestudio for stm32 9.3.0/armtools/bin/../lib/gcc/arm-atollic-eabi/6.3.1/../../../../arm-atollic-eabi/lib/armv7e-m/fpu\libc_nano.a(lib_a-stdio.o)
                0x0800d1b2                __sseek
 .text.__sclose
                0x0800d1d6        0x8 c:/program files (x86)/atollic/truestudio for stm32 9.3.0/armtools/bin/../lib/gcc/arm-atollic-eabi/6.3.1/../../../../arm-atollic-eabi/lib/armv7e-m/fpu\libc_nano.a(lib_a-stdio.o)
                0x0800d1d6                __sclose
 *fill*         0x0800d1de        0x2 
 .text.__swbuf_r
                0x0800d1e0       0xa4 c:/program files (x86)/atollic/truestudio for stm32 9.3.0/armtools/bin/../lib/gcc/arm-atollic-eabi/6.3.1/../../../../arm-atollic-eabi/lib/armv7e-m/fpu\libc_nano.a(lib_a-wbuf.o)
                0x0800d1e0                __swbuf_r
 .text._write_r
                0x0800d284       0x24 c:/program files (x86)/atollic/truestudio for stm32 9.3.0/armtools/bin/../lib/gcc/arm-atollic-eabi/6.3.1/../../../../arm-atollic-eabi/lib/armv7e-m/fpu\libc_nano.a(lib_a-writer.o)
                0x0800d284                _write_r
 .text.__swsetup_r
                0x0800d2a8       0xdc c:/program files (x86)/atollic/truestudio for stm32 9.3.0/armtools/bin/../lib/gcc/arm-atollic-eabi/6.3.1/../../../../arm-atollic-eabi/lib/armv7e-m/fpu\libc_nano.a(lib_a-wsetup.o)
                0x0800d2a8                __swsetup_r
 .text._close_r
                0x0800d384       0x20 c:/program files (x86)/atollic/truestudio for stm32 9.3.0/armtools/bin/../lib/gcc/arm-atollic-eabi/6.3.1/../../../../arm-atollic-eabi/lib/armv7e-m/fpu\libc_nano.a(lib_a-closer.o)
                0x0800d384                _close_r
 .text.__sflush_r
                0x0800d3a4      0x110 c:/program files (x86)/atollic/truestudio for stm32 9.3.0/armtools/bin/../lib/gcc/arm-atollic-eabi/6.3.1/../../../../arm-atollic-eabi/lib/armv7e-m/fpu\libc_nano.a(lib_a-fflush.o)
                0x0800d3a4                __sflush_r
 .text._fflush_r
                0x0800d4b4       0x54 c:/program files (x86)/atollic/truestudio for stm32 9.3.0/armtools/bin/../lib/gcc/arm-atollic-eabi/6.3.1/../../../../arm-atollic-eabi/lib/armv7e-m/fpu\libc_nano.a(lib_a-fflush.o)
                0x0800d4b4                _fflush_r
 .text._lseek_r
                0x0800d508       0x24 c:/program files (x86)/atollic/truestudio for stm32 9.3.0/armtools/bin/../lib/gcc/arm-atollic-eabi/6.3.1/../../../../arm-atollic-eabi/lib/armv7e-m/fpu\libc_nano.a(lib_a-lseekr.o)
                0x0800d508                _lseek_r
 .text.__swhatbuf_r
                0x0800d52c       0x48 c:/program files (x86)/atollic/truestudio for stm32 9.3.0/armtools/bin/../lib/gcc/arm-atollic-eabi/6.3.1/../../../../arm-atollic-eabi/lib/armv7e-m/fpu\libc_nano.a(lib_a-makebuf.o)
                0x0800d52c                __swhatbuf_r
 .text.__smakebuf_r
                0x0800d574       0x80 c:/program files (x86)/atollic/truestudio for stm32 9.3.0/armtools/bin/../lib/gcc/arm-atollic-eabi/6.3.1/../../../../arm-atollic-eabi/lib/armv7e-m/fpu\libc_nano.a(lib_a-makebuf.o)
                0x0800d574                __smakebuf_r
 .text.memmove  0x0800d5f4       0x34 c:/program files (x86)/atollic/truestudio for stm32 9.3.0/armtools/bin/../lib/gcc/arm-atollic-eabi/6.3.1/../../../../arm-atollic-eabi/lib/armv7e-m/fpu\libc_nano.a(lib_a-memmove.o)
                0x0800d5f4                memmove
 .text.__malloc_lock
                0x0800d628        0x2 c:/program files (x86)/atollic/truestudio for stm32 9.3.0/armtools/bin/../lib/gcc/arm-atollic-eabi/6.3.1/../../../../arm-atollic-eabi/lib/armv7e-m/fpu\libc_nano.a(lib_a-mlock.o)
                0x0800d628                __malloc_lock
 .text.__malloc_unlock
                0x0800d62a        0x2 c:/program files (x86)/atollic/truestudio for stm32 9.3.0/armtools/bin/../lib/gcc/arm-atollic-eabi/6.3.1/../../../../arm-atollic-eabi/lib/armv7e-m/fpu\libc_nano.a(lib_a-mlock.o)
                0x0800d62a                __malloc_unlock
 .text._realloc_r
                0x0800d62c       0x4c c:/program files (x86)/atollic/truestudio for stm32 9.3.0/armtools/bin/../lib/gcc/arm-atollic-eabi/6.3.1/../../../../arm-atollic-eabi/lib/armv7e-m/fpu\libc_nano.a(lib_a-nano-reallocr.o)
                0x0800d62c                _realloc_r
 .text._read_r  0x0800d678       0x24 c:/program files (x86)/atollic/truestudio for stm32 9.3.0/armtools/bin/../lib/gcc/arm-atollic-eabi/6.3.1/../../../../arm-atollic-eabi/lib/armv7e-m/fpu\libc_nano.a(lib_a-readr.o)
                0x0800d678                _read_r
 .text._fstat_r
                0x0800d69c       0x24 c:/program files (x86)/atollic/truestudio for stm32 9.3.0/armtools/bin/../lib/gcc/arm-atollic-eabi/6.3.1/../../../../arm-atollic-eabi/lib/armv7e-m/fpu\libc_nano.a(lib_a-fstatr.o)
                0x0800d69c                _fstat_r
 .text._isatty_r
                0x0800d6c0       0x20 c:/program files (x86)/atollic/truestudio for stm32 9.3.0/armtools/bin/../lib/gcc/arm-atollic-eabi/6.3.1/../../../../arm-atollic-eabi/lib/armv7e-m/fpu\libc_nano.a(lib_a-isattyr.o)
                0x0800d6c0                _isatty_r
 .text._malloc_usable_size_r
                0x0800d6e0       0x12 c:/program files (x86)/atollic/truestudio for stm32 9.3.0/armtools/bin/../lib/gcc/arm-atollic-eabi/6.3.1/../../../../arm-atollic-eabi/lib/armv7e-m/fpu\libc_nano.a(lib_a-nano-msizer.o)
                0x0800d6e0                _malloc_usable_size_r
 *(.glue_7)
 .glue_7        0x0800d6f2        0x0 linker stubs
 *(.glue_7t)
 .glue_7t       0x0800d6f2        0x0 linker stubs
 *(.eh_frame)
 *fill*         0x0800d6f2        0x2 
 .eh_frame      0x0800d6f4        0x0 c:/program files (x86)/atollic/truestudio for stm32 9.3.0/armtools/bin/../lib/gcc/arm-atollic-eabi/6.3.1/armv7e-m/fpu/crtbegin.o
 *(.init)
 .init          0x0800d6f4        0x4 c:/program files (x86)/atollic/truestudio for stm32 9.3.0/armtools/bin/../lib/gcc/arm-atollic-eabi/6.3.1/armv7e-m/fpu/crti.o
                0x0800d6f4                _init
 .init          0x0800d6f8        0x8 c:/program files (x86)/atollic/truestudio for stm32 9.3.0/armtools/bin/../lib/gcc/arm-atollic-eabi/6.3.1/armv7e-m/fpu/crtn.o
 *(.fini)
 .fini          0x0800d700        0x4 c:/program files (x86)/atollic/truestudio for stm32 9.3.0/armtools/bin/../lib/gcc/arm-atollic-eabi/6.3.1/armv7e-m/fpu/crti.o
                0x0800d700                _fini
 .fini          0x0800d704        0x8 c:/program files (x86)/atollic/truestudio for stm32 9.3.0/armtools/bin/../lib/gcc/arm-atollic-eabi/6.3.1/armv7e-m/fpu/crtn.o
                0x0800d70c                . = ALIGN (0x4)
                0x0800d70c                _etext = .

.vfp11_veneer   0x0800d70c        0x0
 .vfp11_veneer  0x0800d70c        0x0 linker stubs

.v4_bx          0x0800d70c        0x0
 .v4_bx         0x0800d70c        0x0 linker stubs

.iplt           0x0800d70c        0x0
 .iplt          0x0800d70c        0x0 c:/program files (x86)/atollic/truestudio for stm32 9.3.0/armtools/bin/../lib/gcc/arm-atollic-eabi/6.3.1/armv7e-m/fpu/crtbegin.o

.rodata         0x0800d70c     0x24c0
                0x0800d70c                . = ALIGN (0x4)
 *(.rodata)
 .rodata        0x0800d70c       0x54 Src\main.o
 *(.rodata*)
 .rodata.vTaskStartScheduler.str1.1
                0x0800d760        0x5 Middlewares\Third_Party\FreeRTOS\Source\tasks.o
 .rodata.tcpip_init.str1.1
                0x0800d765       0x4b Middlewares\Third_Party\LwIP\src\api\tcpip.o
 .rodata.tcpip_inpkt.str1.1
                0x0800d7b0        0xd Middlewares\Third_Party\LwIP\src\api\tcpip.o
 .rodata.tcpip_thread.str1.1
                0x0800d7bd       0x76 Middlewares\Third_Party\LwIP\src\api\tcpip.o
 .rodata.mqtt_append_request.str1.1
                0x0800d833       0x57 Middlewares\Third_Party\LwIP\src\apps\mqtt\mqtt.o
 .rodata.mqtt_client_connect.str1.1
                0x0800d88a      0x1ce Middlewares\Third_Party\LwIP\src\apps\mqtt\mqtt.o
 .rodata.mqtt_close.str1.1
                0x0800da58       0x1b Middlewares\Third_Party\LwIP\src\apps\mqtt\mqtt.o
 .rodata.mqtt_create_request.str1.1
                0x0800da73       0x59 Middlewares\Third_Party\LwIP\src\apps\mqtt\mqtt.o
                                 0x81 (size before relaxing)
 .rodata.mqtt_cyclic_timer.str1.1
                0x0800dacc       0x22 Middlewares\Third_Party\LwIP\src\apps\mqtt\mqtt.o
 .rodata.mqtt_output_check_space.str1.1
                0x0800daee       0x24 Middlewares\Third_Party\LwIP\src\apps\mqtt\mqtt.o
 .rodata.mqtt_publish.str1.1
                0x0800db12       0xa0 Middlewares\Third_Party\LwIP\src\apps\mqtt\mqtt.o
 .rodata.mqtt_set_inpub_callback.str1.1
                0x0800dbb2       0x28 Middlewares\Third_Party\LwIP\src\apps\mqtt\mqtt.o
 .rodata.mqtt_sub_unsub.str1.1
                0x0800dbda       0xa1 Middlewares\Third_Party\LwIP\src\apps\mqtt\mqtt.o
 .rodata.mqtt_take_request.str1.1
                0x0800dc7b       0x20 Middlewares\Third_Party\LwIP\src\apps\mqtt\mqtt.o
 .rodata.mqtt_tcp_err_cb.str1.1
                0x0800dc9b       0x20 Middlewares\Third_Party\LwIP\src\apps\mqtt\mqtt.o
 .rodata.mqtt_tcp_recv_cb.str1.1
                0x0800dcbb       0x47 Middlewares\Third_Party\LwIP\src\apps\mqtt\mqtt.o
 .rodata.dhcp_bind.str1.1
                0x0800dd02       0x31 Middlewares\Third_Party\LwIP\src\core\ipv4\dhcp.o
 .rodata.dhcp_create_msg.str1.1
                0x0800dd33       0xc9 Middlewares\Third_Party\LwIP\src\core\ipv4\dhcp.o
 .rodata.dhcp_delete_msg.str1.1
                0x0800ddfc       0x6a Middlewares\Third_Party\LwIP\src\core\ipv4\dhcp.o
 .rodata.dhcp_option.str1.1
                0x0800de66       0x48 Middlewares\Third_Party\LwIP\src\core\ipv4\dhcp.o
 .rodata.dhcp_option_byte.str1.1
                0x0800deae       0x3b Middlewares\Third_Party\LwIP\src\core\ipv4\dhcp.o
 .rodata.dhcp_option_hostname.isra.3.str1.1
                0x0800dee9       0x1c Middlewares\Third_Party\LwIP\src\core\ipv4\dhcp.o
 .rodata.dhcp_option_long.str1.1
                0x0800df05       0x40 Middlewares\Third_Party\LwIP\src\core\ipv4\dhcp.o
 .rodata.dhcp_option_short.str1.1
                0x0800df45       0x76 Middlewares\Third_Party\LwIP\src\core\ipv4\dhcp.o
                                 0x9e (size before relaxing)
 .rodata.dhcp_option_trailer.str1.1
                0x0800dfbb       0x8d Middlewares\Third_Party\LwIP\src\core\ipv4\dhcp.o
 .rodata.dhcp_set_struct.str1.1
                0x0800e048       0x24 Middlewares\Third_Party\LwIP\src\core\ipv4\dhcp.o
                                 0x3f (size before relaxing)
 .rodata.etharp_find_entry.isra.0.str1.1
                0x0800e06c       0x40 Middlewares\Third_Party\LwIP\src\core\ipv4\etharp.o
 .rodata.etharp_get_entry.str1.1
                0x0800e0ac       0x1f Middlewares\Third_Party\LwIP\src\core\ipv4\etharp.o
 .rodata.etharp_input.str1.1
                0x0800e0cb       0x24 Middlewares\Third_Party\LwIP\src\core\ipv4\etharp.o
 .rodata.etharp_output.str1.1
                0x0800e0ef       0x24 Middlewares\Third_Party\LwIP\src\core\ipv4\etharp.o
                                  0xa (size before relaxing)
 .rodata.etharp_output_to_arp_index.str1.1
                0x0800e0ef       0x30 Middlewares\Third_Party\LwIP\src\core\ipv4\etharp.o