ethernetif.c:249:22:low_level_input.isra.0	24	static
ethernetif.c:204:14:low_level_output	24	static
ethernetif.c:60:6:MX_SPI3_Init	0	static
ethernetif.c:87:6:ENC_MSPInit	56	static
ethernetif.c:142:13:low_level_init	16	static
ethernetif.c:295:6:ethernetif_input	16	static
ethernetif.c:316:6:ethernetif_input_do	16	static
ethernetif.c:497:6:ethernetif_process_irq_do	16	static
ethernetif.c:344:7:ethernetif_init	8	static
ethernetif.c:374:7:sys_now	0	static
ethernetif.c:384:6:ethernetif_set_link	16	static
ethernetif.c:412:13:ethernetif_notify_conn_changed	0	static
ethernetif.c:422:6:ethernet_transmit	0	static
ethernetif.c:438:9:ENC_SPI_SendWithoutSelection	24	static
ethernetif.c:450:9:ENC_SPI_Send	32	static
ethernetif.c:474:6:ENC_SPI_SendBuf	24	static
ethernetif.c:522:6:ethernetif_process_irq	16	static
ethernetif.c:536:6:ethernet_irq_handler	0	static
ethernetif.c:548:6:ethernetif_update_config	8	static
ethernetif.c:563:6:ENC_SPI_Select	8	static
