main.c:637:6:StartDefaultTask	40	static
main.c:113:6:Set_Pin_Output	40	static
main.c:122:6:Set_Pin_Input	40	static
main.c:173:6:delay	0	static
main.c:132:6:DHT11_Start	8	static
main.c:142:9:DHT11_Check_Response	16	static
main.c:157:9:DHT11_Read	16	static
main.c:714:6:Start	520	static
main.c:266:6:SystemClock_Config	96	static
main.c:185:5:main	88	static
main.c:576:6:HAL_GPIO_EXTI_Callback	0	static
main.c:653:6:MX_LWIP_Init	32	static
main.c:589:13:Mqtt_test	24	static
main.c:758:6:HAL_TIM_PeriodElapsedCallback	8	static
main.c:779:6:Error_Handler	0	static
